Archive member included to satisfy reference by file (symbol)

/Applications/ARM/bin/../lib/gcc/arm-none-eabi/10.3.1/../../../../arm-none-eabi/lib/thumb/v7e-m+fp/hard/libc_nano.a(lib_a-ctype_.o)
                              _build/nrf52832_xxaa/nrf_log_str_formatter.c.o (_ctype_)
/Applications/ARM/bin/../lib/gcc/arm-none-eabi/10.3.1/../../../../arm-none-eabi/lib/thumb/v7e-m+fp/hard/libc_nano.a(lib_a-exit.o)
                              /Applications/ARM/bin/../lib/gcc/arm-none-eabi/10.3.1/../../../../arm-none-eabi/lib/thumb/v7e-m+fp/hard/crt0.o (exit)
/Applications/ARM/bin/../lib/gcc/arm-none-eabi/10.3.1/../../../../arm-none-eabi/lib/thumb/v7e-m+fp/hard/libc_nano.a(lib_a-impure.o)
                              /Applications/ARM/bin/../lib/gcc/arm-none-eabi/10.3.1/../../../../arm-none-eabi/lib/thumb/v7e-m+fp/hard/libc_nano.a(lib_a-exit.o) (_global_impure_ptr)
/Applications/ARM/bin/../lib/gcc/arm-none-eabi/10.3.1/../../../../arm-none-eabi/lib/thumb/v7e-m+fp/hard/libc_nano.a(lib_a-init.o)
                              /Applications/ARM/bin/../lib/gcc/arm-none-eabi/10.3.1/../../../../arm-none-eabi/lib/thumb/v7e-m+fp/hard/crt0.o (__libc_init_array)
/Applications/ARM/bin/../lib/gcc/arm-none-eabi/10.3.1/../../../../arm-none-eabi/lib/thumb/v7e-m+fp/hard/libc_nano.a(lib_a-memcmp.o)
                              _build/nrf52832_xxaa/ble_advdata.c.o (memcmp)
/Applications/ARM/bin/../lib/gcc/arm-none-eabi/10.3.1/../../../../arm-none-eabi/lib/thumb/v7e-m+fp/hard/libc_nano.a(lib_a-memcpy-stub.o)
                              _build/nrf52832_xxaa/nrf_log_frontend.c.o (memcpy)
/Applications/ARM/bin/../lib/gcc/arm-none-eabi/10.3.1/../../../../arm-none-eabi/lib/thumb/v7e-m+fp/hard/libc_nano.a(lib_a-memset.o)
                              /Applications/ARM/bin/../lib/gcc/arm-none-eabi/10.3.1/../../../../arm-none-eabi/lib/thumb/v7e-m+fp/hard/crt0.o (memset)
/Applications/ARM/bin/../lib/gcc/arm-none-eabi/10.3.1/../../../../arm-none-eabi/lib/thumb/v7e-m+fp/hard/libc_nano.a(lib_a-strcpy.o)
                              _build/nrf52832_xxaa/SEGGER_RTT.c.o (strcpy)
/Applications/ARM/bin/../lib/gcc/arm-none-eabi/10.3.1/../../../../arm-none-eabi/lib/thumb/v7e-m+fp/hard/libc_nano.a(lib_a-strlen.o)
                              _build/nrf52832_xxaa/nrf_log_frontend.c.o (strlen)
/Applications/ARM/bin/../lib/gcc/arm-none-eabi/10.3.1/../../../../arm-none-eabi/lib/thumb/v7e-m+fp/hard/libnosys.a(_exit.o)
                              /Applications/ARM/bin/../lib/gcc/arm-none-eabi/10.3.1/../../../../arm-none-eabi/lib/thumb/v7e-m+fp/hard/libc_nano.a(lib_a-exit.o) (_exit)

Discarded input sections

 .text          0x0000000000000000        0x0 /Applications/ARM/bin/../lib/gcc/arm-none-eabi/10.3.1/thumb/v7e-m+fp/hard/crti.o
 .data          0x0000000000000000        0x0 /Applications/ARM/bin/../lib/gcc/arm-none-eabi/10.3.1/thumb/v7e-m+fp/hard/crti.o
 .bss           0x0000000000000000        0x0 /Applications/ARM/bin/../lib/gcc/arm-none-eabi/10.3.1/thumb/v7e-m+fp/hard/crti.o
 .data          0x0000000000000000        0x4 /Applications/ARM/bin/../lib/gcc/arm-none-eabi/10.3.1/thumb/v7e-m+fp/hard/crtbegin.o
 .rodata        0x0000000000000000       0x24 /Applications/ARM/bin/../lib/gcc/arm-none-eabi/10.3.1/thumb/v7e-m+fp/hard/crtbegin.o
 .data          0x0000000000000000        0x0 /Applications/ARM/bin/../lib/gcc/arm-none-eabi/10.3.1/../../../../arm-none-eabi/lib/thumb/v7e-m+fp/hard/crt0.o
 .bss           0x0000000000000000        0x0 /Applications/ARM/bin/../lib/gcc/arm-none-eabi/10.3.1/../../../../arm-none-eabi/lib/thumb/v7e-m+fp/hard/crt0.o
 .ARM.extab     0x0000000000000000        0x0 /Applications/ARM/bin/../lib/gcc/arm-none-eabi/10.3.1/../../../../arm-none-eabi/lib/thumb/v7e-m+fp/hard/crt0.o
 .data          0x0000000000000000        0x0 _build/nrf52832_xxaa/gcc_startup_nrf52.S.o
 .bss           0x0000000000000000        0x0 _build/nrf52832_xxaa/gcc_startup_nrf52.S.o
 .group         0x0000000000000000        0xc _build/nrf52832_xxaa/nrf_log_backend_rtt.c.o
 .group         0x0000000000000000        0xc _build/nrf52832_xxaa/nrf_log_backend_rtt.c.o
 .group         0x0000000000000000        0xc _build/nrf52832_xxaa/nrf_log_backend_rtt.c.o
 .group         0x0000000000000000        0xc _build/nrf52832_xxaa/nrf_log_backend_rtt.c.o
 .group         0x0000000000000000        0xc _build/nrf52832_xxaa/nrf_log_backend_rtt.c.o
 .group         0x0000000000000000        0xc _build/nrf52832_xxaa/nrf_log_backend_rtt.c.o
 .group         0x0000000000000000        0xc _build/nrf52832_xxaa/nrf_log_backend_rtt.c.o
 .group         0x0000000000000000        0xc _build/nrf52832_xxaa/nrf_log_backend_rtt.c.o
 .group         0x0000000000000000        0xc _build/nrf52832_xxaa/nrf_log_backend_rtt.c.o
 .group         0x0000000000000000        0xc _build/nrf52832_xxaa/nrf_log_backend_rtt.c.o
 .group         0x0000000000000000        0xc _build/nrf52832_xxaa/nrf_log_backend_rtt.c.o
 .group         0x0000000000000000        0xc _build/nrf52832_xxaa/nrf_log_backend_rtt.c.o
[...]
Memory Configuration

Name             Origin             Length             Attributes
FLASH            0x0000000000026000 0x000000000005a000 xr
RAM              0x00000000200022f0 0x000000000000dd10 xrw
*default*        0x0000000000000000 0xffffffffffffffff

Linker script and memory map


.text           0x0000000000026000     0x6c98
 *(.isr_vector)
 .isr_vector    0x0000000000026000      0x200 _build/nrf52832_xxaa/gcc_startup_nrf52.S.o
                0x0000000000026000                __isr_vector
 *(.text*)
 .text          0x0000000000026200       0x40 /Applications/ARM/bin/../lib/gcc/arm-none-eabi/10.3.1/thumb/v7e-m+fp/hard/crtbegin.o
 .text          0x0000000000026240       0x7c /Applications/ARM/bin/../lib/gcc/arm-none-eabi/10.3.1/../../../../arm-none-eabi/lib/thumb/v7e-m+fp/hard/crt0.o
                0x0000000000026240                _stack_init
                0x0000000000026248                _mainCRTStartup
                0x0000000000026248                _start
 .text          0x00000000000262bc       0x3c _build/nrf52832_xxaa/gcc_startup_nrf52.S.o
                0x00000000000262bc                Reset_Handler
                0x00000000000262e4                NMI_Handler
                0x00000000000262e6                HardFault_Handler
                0x00000000000262e8                MemoryManagement_Handler
                0x00000000000262ea                BusFault_Handler
                0x00000000000262ec                UsageFault_Handler
                0x00000000000262ee                SVC_Handler
                0x00000000000262f0                DebugMon_Handler
                0x00000000000262f2                PendSV_Handler
                0x00000000000262f4                SysTick_Handler
                0x00000000000262f6                SPIM0_SPIS0_TWIM0_TWIS0_SPI0_TWI0_IRQHandler
                0x00000000000262f6                TIMER4_IRQHandler
                0x00000000000262f6                I2S_IRQHandler
                0x00000000000262f6                SWI4_EGU4_IRQHandler
                0x00000000000262f6                TIMER0_IRQHandler
                0x00000000000262f6                TIMER1_IRQHandler
                0x00000000000262f6                PWM2_IRQHandler
                0x00000000000262f6                ECB_IRQHandler
                0x00000000000262f6                SPIM1_SPIS1_TWIM1_TWIS1_SPI1_TWI1_IRQHandler
                0x00000000000262f6                Default_Handler
                0x00000000000262f6                SAADC_IRQHandler
                0x00000000000262f6                CCM_AAR_IRQHandler
                0x00000000000262f6                WDT_IRQHandler
                0x00000000000262f6                SWI5_EGU5_IRQHandler
                0x00000000000262f6                RNG_IRQHandler
                0x00000000000262f6                RTC2_IRQHandler
                0x00000000000262f6                PWM0_IRQHandler
                0x00000000000262f6                SWI3_EGU3_IRQHandler
                0x00000000000262f6                SWI1_EGU1_IRQHandler
                0x00000000000262f6                SPIM2_SPIS2_SPI2_IRQHandler
                0x00000000000262f6                NFCT_IRQHandler
                0x00000000000262f6                MWU_IRQHandler
                0x00000000000262f6                TIMER2_IRQHandler
                0x00000000000262f6                COMP_LPCOMP_IRQHandler
                0x00000000000262f6                RTC0_IRQHandler
                0x00000000000262f6                SWI0_EGU0_IRQHandler
                0x00000000000262f6                PWM1_IRQHandler
                0x00000000000262f6                RADIO_IRQHandler
                0x00000000000262f6                PDM_IRQHandler
                0x00000000000262f6                TEMP_IRQHandler
                0x00000000000262f6                QDEC_IRQHandler
                0x00000000000262f6                TIMER3_IRQHandler
                0x00000000000262f6                FPU_IRQHandler
 .text.nrf_log_backend_serial_put
                0x00000000000262f8       0xd8 _build/nrf52832_xxaa/nrf_log_backend_serial.c.o
                0x00000000000262f8                nrf_log_backend_serial_put
 .text.uart_evt_handler
                0x00000000000263d0        0xc _build/nrf52832_xxaa/nrf_log_backend_uart.c.o
 .text.nrf_log_backend_uart_flush
                0x00000000000263dc        0x4 _build/nrf52832_xxaa/nrf_log_backend_uart.c.o
 .text.nrf_log_backend_uart_put
                0x00000000000263e0       0x20 _build/nrf52832_xxaa/nrf_log_backend_uart.c.o
 .text.serial_tx
                0x0000000000026400       0x50 _build/nrf52832_xxaa/nrf_log_backend_uart.c.o
 .text.nrf_log_backend_uart_panic_set
                0x0000000000026450       0x68 _build/nrf52832_xxaa/nrf_log_backend_uart.c.o
 .text.nrf_log_backend_uart_init
                0x00000000000264b8       0x50 _build/nrf52832_xxaa/nrf_log_backend_uart.c.o
                0x00000000000264b8                nrf_log_backend_uart_init
 .text.nrf_log_default_backends_init
                0x0000000000026508       0x20 _build/nrf52832_xxaa/nrf_log_default_backends.c.o
                0x0000000000026508                nrf_log_default_backends_init
 .text.nrf_log_init
                0x0000000000026528       0x28 _build/nrf52832_xxaa/nrf_log_frontend.c.o
                0x0000000000026528                nrf_log_init
 .text.nrf_log_module_name_get
                0x0000000000026550       0x48 _build/nrf52832_xxaa/nrf_log_frontend.c.o
                0x0000000000026550                nrf_log_module_name_get
 .text.nrf_log_color_id_get
                0x0000000000026598       0x2c _build/nrf52832_xxaa/nrf_log_frontend.c.o
                0x0000000000026598                nrf_log_color_id_get
 .text.log_pending_hook
                0x00000000000265c4        0x4 _build/nrf52832_xxaa/nrf_log_frontend.c.o
                0x00000000000265c4                log_pending_hook
 .text.nrf_log_frontend_dequeue
                0x00000000000265c8      0x260 _build/nrf52832_xxaa/nrf_log_frontend.c.o
                0x00000000000265c8                nrf_log_frontend_dequeue
 .text.nrf_log_frontend_std_2
                0x0000000000026828      0x1c8 _build/nrf52832_xxaa/nrf_log_frontend.c.o
                0x0000000000026828                nrf_log_frontend_std_2
 .text.nrf_log_frontend_std_1
                0x00000000000269f0      0x1bc _build/nrf52832_xxaa/nrf_log_frontend.c.o
                0x00000000000269f0                nrf_log_frontend_std_1
 .text.nrf_log_frontend_std_0
                0x0000000000026bac      0x1ac _build/nrf52832_xxaa/nrf_log_frontend.c.o
                0x0000000000026bac                nrf_log_frontend_std_0
 .text.nrf_log_backend_add
                0x0000000000026d58       0x5c _build/nrf52832_xxaa/nrf_log_frontend.c.o
                0x0000000000026d58                nrf_log_backend_add
 .text.nrf_log_panic
                0x0000000000026db4       0x28 _build/nrf52832_xxaa/nrf_log_frontend.c.o
                0x0000000000026db4                nrf_log_panic
 .text.prefix_process
                0x0000000000026ddc       0x84 _build/nrf52832_xxaa/nrf_log_str_formatter.c.o
 .text.nrf_log_std_entry_process
                0x0000000000026e60       0xec _build/nrf52832_xxaa/nrf_log_str_formatter.c.o
                0x0000000000026e60                nrf_log_std_entry_process
 .text.nrf_log_hexdump_entry_process
                0x0000000000026f4c      0x104 _build/nrf52832_xxaa/nrf_log_str_formatter.c.o
                0x0000000000026f4c                nrf_log_hexdump_entry_process
 .text.gpiote_event_handler
                0x0000000000027050       0x74 _build/nrf52832_xxaa/app_button.c.o
 .text.detection_delay_timeout_handler
                0x00000000000270c4      0x288 _build/nrf52832_xxaa/app_button.c.o
 .text.app_button_init
                0x000000000002734c       0xb8 _build/nrf52832_xxaa/app_button.c.o
                0x000000000002734c                app_button_init
 .text.app_button_enable
                0x0000000000027404       0x2c _build/nrf52832_xxaa/app_button.c.o
                0x0000000000027404                app_button_enable
 .text.app_button_disable
                0x0000000000027430       0x5c _build/nrf52832_xxaa/app_button.c.o
                0x0000000000027430                app_button_disable
 .text.app_error_handler_bare
                0x000000000002748c       0x20 _build/nrf52832_xxaa/app_error.c.o
                0x000000000002748c                app_error_handler_bare
 .text.app_error_fault_handler
                0x00000000000274ac       0x6c _build/nrf52832_xxaa/app_error_weak.c.o
                0x00000000000274ac                app_error_fault_handler
 .text.compare_func
                0x0000000000027518       0x1c _build/nrf52832_xxaa/app_timer2.c.o
 .text.timer_expire.part.0
                0x0000000000027534       0x88 _build/nrf52832_xxaa/app_timer2.c.o
 .text.rtc_irq  0x00000000000275bc      0x2e8 _build/nrf52832_xxaa/app_timer2.c.o
 .text.app_timer_init
                0x00000000000278a4       0x6c _build/nrf52832_xxaa/app_timer2.c.o
                0x00000000000278a4                app_timer_init
 .text.app_timer_create
                0x0000000000027910       0x30 _build/nrf52832_xxaa/app_timer2.c.o
                0x0000000000027910                app_timer_create
 .text.app_timer_start
                0x0000000000027940       0xb8 _build/nrf52832_xxaa/app_timer2.c.o
                0x0000000000027940                app_timer_start
 .text.app_timer_stop
                0x00000000000279f8       0x80 _build/nrf52832_xxaa/app_timer2.c.o
                0x00000000000279f8                app_timer_stop
 .text.app_util_critical_region_enter
                0x0000000000027a78       0x4c _build/nrf52832_xxaa/app_util_platform.c.o
                0x0000000000027a78                app_util_critical_region_enter
 .text.app_util_critical_region_exit
                0x0000000000027ac4       0x30 _build/nrf52832_xxaa/app_util_platform.c.o
                0x0000000000027ac4                app_util_critical_region_exit
 .text.drv_rtc_init
                0x0000000000027af4       0xc8 _build/nrf52832_xxaa/drv_rtc.c.o
                0x0000000000027af4                drv_rtc_init
 .text.drv_rtc_start
                0x0000000000027bbc        0x8 _build/nrf52832_xxaa/drv_rtc.c.o
                0x0000000000027bbc                drv_rtc_start
 .text.drv_rtc_stop
                0x0000000000027bc4        0x8 _build/nrf52832_xxaa/drv_rtc.c.o
                0x0000000000027bc4                drv_rtc_stop
 .text.drv_rtc_compare_set
                0x0000000000027bcc       0x54 _build/nrf52832_xxaa/drv_rtc.c.o
                0x0000000000027bcc                drv_rtc_compare_set
 .text.drv_rtc_windowed_compare_set
                0x0000000000027c20       0xf8 _build/nrf52832_xxaa/drv_rtc.c.o
                0x0000000000027c20                drv_rtc_windowed_compare_set
 .text.drv_rtc_overflow_enable
                0x0000000000027d18       0x14 _build/nrf52832_xxaa/drv_rtc.c.o
                0x0000000000027d18                drv_rtc_overflow_enable
 .text.drv_rtc_overflow_pending
                0x0000000000027d2c       0x20 _build/nrf52832_xxaa/drv_rtc.c.o
                0x0000000000027d2c                drv_rtc_overflow_pending
 .text.drv_rtc_compare_disable
                0x0000000000027d4c       0x18 _build/nrf52832_xxaa/drv_rtc.c.o
                0x0000000000027d4c                drv_rtc_compare_disable
 .text.drv_rtc_compare_pending
                0x0000000000027d64       0x20 _build/nrf52832_xxaa/drv_rtc.c.o
                0x0000000000027d64                drv_rtc_compare_pending
 .text.drv_rtc_counter_get
                0x0000000000027d84        0x8 _build/nrf52832_xxaa/drv_rtc.c.o
                0x0000000000027d84                drv_rtc_counter_get
 .text.drv_rtc_irq_trigger
                0x0000000000027d8c       0x24 _build/nrf52832_xxaa/drv_rtc.c.o
                0x0000000000027d8c                drv_rtc_irq_trigger
 .text.RTC1_IRQHandler
                0x0000000000027db0       0x14 _build/nrf52832_xxaa/drv_rtc.c.o
                0x0000000000027db0                RTC1_IRQHandler
 .text.nrf_atfifo_init
                0x0000000000027dc4       0x30 _build/nrf52832_xxaa/nrf_atfifo.c.o
                0x0000000000027dc4                nrf_atfifo_init
 .text.nrf_atfifo_item_alloc
                0x0000000000027df4       0x64 _build/nrf52832_xxaa/nrf_atfifo.c.o
                0x0000000000027df4                nrf_atfifo_item_alloc
 .text.nrf_atfifo_item_put
                0x0000000000027e58       0x20 _build/nrf52832_xxaa/nrf_atfifo.c.o
                0x0000000000027e58                nrf_atfifo_item_put
 .text.nrf_atfifo_item_get
                0x0000000000027e78       0x64 _build/nrf52832_xxaa/nrf_atfifo.c.o
                0x0000000000027e78                nrf_atfifo_item_get
 .text.nrf_atfifo_item_free
                0x0000000000027edc       0x20 _build/nrf52832_xxaa/nrf_atfifo.c.o
                0x0000000000027edc                nrf_atfifo_item_free
 .text.nrf_atflags_set
                0x0000000000027efc       0x18 _build/nrf52832_xxaa/nrf_atflags.c.o
                0x0000000000027efc                nrf_atflags_set
 .text.nrf_atflags_clear
                0x0000000000027f14       0x18 _build/nrf52832_xxaa/nrf_atflags.c.o
                0x0000000000027f14                nrf_atflags_clear
 .text.nrf_atflags_get
                0x0000000000027f2c       0x14 _build/nrf52832_xxaa/nrf_atflags.c.o
                0x0000000000027f2c                nrf_atflags_get
 .text.nrf_atomic_u32_fetch_store
                0x0000000000027f40       0x14 _build/nrf52832_xxaa/nrf_atomic.c.o
                0x0000000000027f40                nrf_atomic_u32_fetch_store
 .text.nrf_atomic_u32_or
                0x0000000000027f54       0x18 _build/nrf52832_xxaa/nrf_atomic.c.o
                0x0000000000027f54                nrf_atomic_u32_or
 .text.nrf_atomic_u32_and
                0x0000000000027f6c       0x18 _build/nrf52832_xxaa/nrf_atomic.c.o
                0x0000000000027f6c                nrf_atomic_u32_and
 .text.nrf_atomic_u32_add
                0x0000000000027f84       0x18 _build/nrf52832_xxaa/nrf_atomic.c.o
                0x0000000000027f84                nrf_atomic_u32_add
 .text.nrf_atomic_u32_sub
                0x0000000000027f9c       0x18 _build/nrf52832_xxaa/nrf_atomic.c.o
                0x0000000000027f9c                nrf_atomic_u32_sub
 .text.nrf_atomic_flag_set
                0x0000000000027fb4       0x18 _build/nrf52832_xxaa/nrf_atomic.c.o
                0x0000000000027fb4                nrf_atomic_flag_set
 .text.nrf_atomic_flag_clear_fetch
                0x0000000000027fcc       0x18 _build/nrf52832_xxaa/nrf_atomic.c.o
                0x0000000000027fcc                nrf_atomic_flag_clear_fetch
 .text.nrf_balloc_init
                0x0000000000027fe4       0x3c _build/nrf52832_xxaa/nrf_balloc.c.o
                0x0000000000027fe4                nrf_balloc_init
 .text.nrf_balloc_alloc
                0x0000000000028020       0x50 _build/nrf52832_xxaa/nrf_balloc.c.o
                0x0000000000028020                nrf_balloc_alloc
 .text.nrf_balloc_free
                0x0000000000028070       0x38 _build/nrf52832_xxaa/nrf_balloc.c.o
                0x0000000000028070                nrf_balloc_free
 .text.nrf_fprintf_buffer_flush
                0x00000000000280a8       0x18 _build/nrf52832_xxaa/nrf_fprintf.c.o
                0x00000000000280a8                nrf_fprintf_buffer_flush
 .text.nrf_fprintf
                0x00000000000280c0       0x20 _build/nrf52832_xxaa/nrf_fprintf.c.o
                0x00000000000280c0                nrf_fprintf
 .text.unsigned_print
                0x00000000000280e0      0x160 _build/nrf52832_xxaa/nrf_fprintf_format.c.o
 .text.nrf_fprintf_fmt
                0x0000000000028240      0x584 _build/nrf52832_xxaa/nrf_fprintf_format.c.o
                0x0000000000028240                nrf_fprintf_fmt
 .text.nrf_memobj_pool_init
                0x00000000000287c4        0x4 _build/nrf52832_xxaa/nrf_memobj.c.o
                0x00000000000287c4                nrf_memobj_pool_init
 .text.nrf_memobj_alloc
                0x00000000000287c8       0x94 _build/nrf52832_xxaa/nrf_memobj.c.o
                0x00000000000287c8                nrf_memobj_alloc
 .text.nrf_memobj_get
                0x000000000002885c        0x8 _build/nrf52832_xxaa/nrf_memobj.c.o
                0x000000000002885c                nrf_memobj_get
 .text.nrf_memobj_put
                0x0000000000028864       0x58 _build/nrf52832_xxaa/nrf_memobj.c.o
                0x0000000000028864                nrf_memobj_put
 .text.nrf_memobj_write
                0x00000000000288bc       0x68 _build/nrf52832_xxaa/nrf_memobj.c.o
                0x00000000000288bc                nrf_memobj_write
 .text.nrf_memobj_read
                0x0000000000028924       0x68 _build/nrf52832_xxaa/nrf_memobj.c.o
                0x0000000000028924                nrf_memobj_read
 .text.sd_app_evt_wait
                0x000000000002898c        0x4 _build/nrf52832_xxaa/nrf_pwr_mgmt.c.o
 .text.nrf_pwr_mgmt_init
                0x0000000000028990       0x2c _build/nrf52832_xxaa/nrf_pwr_mgmt.c.o
                0x0000000000028990                nrf_pwr_mgmt_init
 .text.nrf_pwr_mgmt_run
                0x00000000000289bc       0x54 _build/nrf52832_xxaa/nrf_pwr_mgmt.c.o
                0x00000000000289bc                nrf_pwr_mgmt_run
 .text.nrf_ringbuf_init
                0x0000000000028a10       0x1c _build/nrf52832_xxaa/nrf_ringbuf.c.o
                0x0000000000028a10                nrf_ringbuf_init
 .text.nrf_section_iter_init
                0x0000000000028a2c       0x14 _build/nrf52832_xxaa/nrf_section_iter.c.o
                0x0000000000028a2c                nrf_section_iter_init
 .text.nrf_section_iter_next
                0x0000000000028a40       0x18 _build/nrf52832_xxaa/nrf_section_iter.c.o
                0x0000000000028a40                nrf_section_iter_next
 .text.nrf_sortlist_add
                0x0000000000028a58       0x28 _build/nrf52832_xxaa/nrf_sortlist.c.o
                0x0000000000028a58                nrf_sortlist_add
 .text.nrf_sortlist_pop
                0x0000000000028a80        0xc _build/nrf52832_xxaa/nrf_sortlist.c.o
                0x0000000000028a80                nrf_sortlist_pop
 .text.nrf_sortlist_peek
                0x0000000000028a8c        0x8 _build/nrf52832_xxaa/nrf_sortlist.c.o
                0x0000000000028a8c                nrf_sortlist_peek
 .text.nrf_sortlist_remove
                0x0000000000028a94       0x1c _build/nrf52832_xxaa/nrf_sortlist.c.o
                0x0000000000028a94                nrf_sortlist_remove
 .text.nrf_strerror_get
                0x0000000000028ab0       0x4c _build/nrf52832_xxaa/nrf_strerror.c.o
                0x0000000000028ab0                nrf_strerror_get
 .text.SystemInit
                0x0000000000028afc      0x3d8 _build/nrf52832_xxaa/system_nrf52.c.o
                0x0000000000028afc                SystemInit
 .text.bsp_board_led_on
                0x0000000000028ed4       0x18 _build/nrf52832_xxaa/boards.c.o
                0x0000000000028ed4                bsp_board_led_on
 .text.bsp_board_led_off
                0x0000000000028eec       0x18 _build/nrf52832_xxaa/boards.c.o
                0x0000000000028eec                bsp_board_led_off
 .text.bsp_board_init
                0x0000000000028f04       0x5c _build/nrf52832_xxaa/boards.c.o
                0x0000000000028f04                bsp_board_init
 .text.clock_irq_handler
                0x0000000000028f60       0x44 _build/nrf52832_xxaa/nrf_drv_clock.c.o
 .text.soc_evt_handler
                0x0000000000028fa4       0x28 _build/nrf52832_xxaa/nrf_drv_clock.c.o
 .text.sd_state_evt_handler
                0x0000000000028fcc       0xc8 _build/nrf52832_xxaa/nrf_drv_clock.c.o
 .text.uarte_evt_handler
                0x0000000000029094       0x34 _build/nrf52832_xxaa/nrf_drv_uart.c.o
 .text.uart_evt_handler
                0x00000000000290c8       0x34 _build/nrf52832_xxaa/nrf_drv_uart.c.o
 .text.nrf_drv_uart_init
                0x00000000000290fc       0x74 _build/nrf52832_xxaa/nrf_drv_uart.c.o
                0x00000000000290fc                nrf_drv_uart_init
 .text.nrfx_clock_init
                0x0000000000029170       0x18 _build/nrf52832_xxaa/nrfx_clock.c.o
                0x0000000000029170                nrfx_clock_init
 .text.nrfx_clock_enable
                0x0000000000029188       0x24 _build/nrf52832_xxaa/nrfx_clock.c.o
                0x0000000000029188                nrfx_clock_enable
 .text.nrfx_clock_lfclk_stop
                0x00000000000291ac       0x2c _build/nrf52832_xxaa/nrfx_clock.c.o
                0x00000000000291ac                nrfx_clock_lfclk_stop
 .text.POWER_CLOCK_IRQHandler
                0x00000000000291d8       0x70 _build/nrf52832_xxaa/nrfx_clock.c.o
                0x00000000000291d8                POWER_CLOCK_IRQHandler
 .text.nrfx_gpiote_init
                0x0000000000029248       0xa8 _build/nrf52832_xxaa/nrfx_gpiote.c.o
                0x0000000000029248                nrfx_gpiote_init
 .text.nrfx_gpiote_is_init
                0x00000000000292f0       0x14 _build/nrf52832_xxaa/nrfx_gpiote.c.o
                0x00000000000292f0                nrfx_gpiote_is_init
 .text.nrfx_gpiote_in_init
                0x0000000000029304      0x1e8 _build/nrf52832_xxaa/nrfx_gpiote.c.o
                0x0000000000029304                nrfx_gpiote_in_init
 .text.nrfx_gpiote_in_event_enable
                0x00000000000294ec       0xc4 _build/nrf52832_xxaa/nrfx_gpiote.c.o
                0x00000000000294ec                nrfx_gpiote_in_event_enable
 .text.nrfx_gpiote_in_event_disable
                0x00000000000295b0       0x64 _build/nrf52832_xxaa/nrfx_gpiote.c.o
                0x00000000000295b0                nrfx_gpiote_in_event_disable
 .text.nrfx_gpiote_in_is_set
                0x0000000000029614       0x14 _build/nrf52832_xxaa/nrfx_gpiote.c.o
                0x0000000000029614                nrfx_gpiote_in_is_set
 .text.GPIOTE_IRQHandler
                0x0000000000029628      0x444 _build/nrf52832_xxaa/nrfx_gpiote.c.o
                0x0000000000029628                GPIOTE_IRQHandler
 .text.UARTE0_UART0_IRQHandler
                0x0000000000029a6c        0xc _build/nrf52832_xxaa/nrfx_prs.c.o
                0x0000000000029a6c                UARTE0_UART0_IRQHandler
 .text.nrfx_prs_acquire
                0x0000000000029a78       0x4c _build/nrf52832_xxaa/nrfx_prs.c.o
                0x0000000000029a78                nrfx_prs_acquire
 .text.nrfx_prs_release
                0x0000000000029ac4       0x18 _build/nrf52832_xxaa/nrfx_prs.c.o
                0x0000000000029ac4                nrfx_prs_release
 *fill*         0x0000000000029adc        0x4 
 .text.nrfx_uart_0_irq_handler
                0x0000000000029ae0      0x1d0 _build/nrf52832_xxaa/nrfx_uart.c.o
                0x0000000000029ae0                nrfx_uart_0_irq_handler
 .text.nrfx_uart_init
                0x0000000000029cb0      0x19c _build/nrf52832_xxaa/nrfx_uart.c.o
                0x0000000000029cb0                nrfx_uart_init
 .text.nrfx_uart_uninit
                0x0000000000029e4c       0xdc _build/nrf52832_xxaa/nrfx_uart.c.o
                0x0000000000029e4c                nrfx_uart_uninit
 .text.nrfx_uart_tx
                0x0000000000029f28       0xd8 _build/nrf52832_xxaa/nrfx_uart.c.o
                0x0000000000029f28                nrfx_uart_tx
 .text.nrfx_uarte_0_irq_handler
                0x000000000002a000      0x178 _build/nrf52832_xxaa/nrfx_uarte.c.o
                0x000000000002a000                nrfx_uarte_0_irq_handler
 .text.nrfx_uarte_init
                0x000000000002a178      0x1d0 _build/nrf52832_xxaa/nrfx_uarte.c.o
                0x000000000002a178                nrfx_uarte_init
 .text.nrfx_uarte_uninit
                0x000000000002a348      0x140 _build/nrf52832_xxaa/nrfx_uarte.c.o
                0x000000000002a348                nrfx_uarte_uninit
 .text.nrfx_uarte_tx
                0x000000000002a488       0xb0 _build/nrf52832_xxaa/nrfx_uarte.c.o
                0x000000000002a488                nrfx_uarte_tx
 .text.sd_ble_gap_adv_set_configure
                0x000000000002a538        0x4 _build/nrf52832_xxaa/main.c.o
 .text.sd_ble_gap_adv_start
                0x000000000002a53c        0x4 _build/nrf52832_xxaa/main.c.o
 .text.sd_ble_gap_disconnect
                0x000000000002a540        0x4 _build/nrf52832_xxaa/main.c.o
 .text.sd_ble_gap_ppcp_set
                0x000000000002a544        0x4 _build/nrf52832_xxaa/main.c.o
 .text.sd_ble_gap_device_name_set
                0x000000000002a548        0x4 _build/nrf52832_xxaa/main.c.o
 .text.sd_ble_gap_sec_params_reply
                0x000000000002a54c        0x4 _build/nrf52832_xxaa/main.c.o
 .text.sd_ble_gap_phy_update
                0x000000000002a550        0x4 _build/nrf52832_xxaa/main.c.o
 .text.sd_ble_gatts_sys_attr_set
                0x000000000002a554        0x4 _build/nrf52832_xxaa/main.c.o
 .text.nrf_qwr_error_handler
                0x000000000002a558        0x4 _build/nrf52832_xxaa/main.c.o
 .text.on_conn_params_evt
                0x000000000002a55c       0x24 _build/nrf52832_xxaa/main.c.o
 .text.button_event_handler
                0x000000000002a580       0x60 _build/nrf52832_xxaa/main.c.o
 .text.led_write_handler
                0x000000000002a5e0       0x40 _build/nrf52832_xxaa/main.c.o
 .text.conn_params_error_handler
                0x000000000002a620        0x4 _build/nrf52832_xxaa/main.c.o
 .text.ble_evt_handler
                0x000000000002a624      0x13c _build/nrf52832_xxaa/main.c.o
 .text.startup.main
                0x000000000002a760      0x280 _build/nrf52832_xxaa/main.c.o
                0x000000000002a760                main
 .text.sd_ble_gap_addr_get
                0x000000000002a9e0        0x4 _build/nrf52832_xxaa/ble_advdata.c.o
 .text.sd_ble_gap_appearance_get
                0x000000000002a9e4        0x4 _build/nrf52832_xxaa/ble_advdata.c.o
 .text.sd_ble_gap_device_name_get
                0x000000000002a9e8        0x4 _build/nrf52832_xxaa/ble_advdata.c.o
 .text.sd_ble_uuid_encode
                0x000000000002a9ec        0x4 _build/nrf52832_xxaa/ble_advdata.c.o
 .text.uuid_list_sized_encode
                0x000000000002a9f0       0xe4 _build/nrf52832_xxaa/ble_advdata.c.o
 .text.ble_advdata_encode
                0x000000000002aad4      0x3f0 _build/nrf52832_xxaa/ble_advdata.c.o
                0x000000000002aad4                ble_advdata_encode
 .text.sd_ble_gap_conn_param_update
                0x000000000002aec4        0x4 _build/nrf52832_xxaa/ble_conn_params.c.o
 .text.sd_ble_gap_disconnect
                0x000000000002aec8        0x4 _build/nrf52832_xxaa/ble_conn_params.c.o
 .text.sd_ble_gap_ppcp_set
                0x000000000002aecc        0x4 _build/nrf52832_xxaa/ble_conn_params.c.o
 .text.sd_ble_gap_ppcp_get
                0x000000000002aed0        0x4 _build/nrf52832_xxaa/ble_conn_params.c.o
 .text.update_timeout_handler
                0x000000000002aed4       0x80 _build/nrf52832_xxaa/ble_conn_params.c.o
 .text.ble_evt_handler
                0x000000000002af54      0x1cc _build/nrf52832_xxaa/ble_conn_params.c.o
 .text.ble_conn_params_init
                0x000000000002b120       0x78 _build/nrf52832_xxaa/ble_conn_params.c.o
                0x000000000002b120                ble_conn_params_init
 .text.ble_evt_handler
                0x000000000002b198      0x160 _build/nrf52832_xxaa/ble_conn_state.c.o
 .text.sd_ble_gatts_characteristic_add
                0x000000000002b2f8        0x4 _build/nrf52832_xxaa/ble_srv_common.c.o
 .text.ble_srv_is_notification_enabled
                0x000000000002b2fc        0x8 _build/nrf52832_xxaa/ble_srv_common.c.o
                0x000000000002b2fc                ble_srv_is_notification_enabled
 .text.characteristic_add
                0x000000000002b304      0x278 _build/nrf52832_xxaa/ble_srv_common.c.o
                0x000000000002b304                characteristic_add
 .text.sd_ble_gap_data_length_update
                0x000000000002b57c        0x4 _build/nrf52832_xxaa/nrf_ble_gatt.c.o
 .text.sd_ble_gattc_exchange_mtu_request
                0x000000000002b580        0x4 _build/nrf52832_xxaa/nrf_ble_gatt.c.o
 .text.sd_ble_gatts_exchange_mtu_reply
                0x000000000002b584        0x4 _build/nrf52832_xxaa/nrf_ble_gatt.c.o
 .text.data_length_update
                0x000000000002b588       0x8c _build/nrf52832_xxaa/nrf_ble_gatt.c.o
 .text.nrf_ble_gatt_init
                0x000000000002b614       0x28 _build/nrf52832_xxaa/nrf_ble_gatt.c.o
                0x000000000002b614                nrf_ble_gatt_init
 .text.nrf_ble_gatt_on_ble_evt
                0x000000000002b63c      0x1e0 _build/nrf52832_xxaa/nrf_ble_gatt.c.o
                0x000000000002b63c                nrf_ble_gatt_on_ble_evt
 .text.sd_ble_gatts_rw_authorize_reply
                0x000000000002b81c        0x4 _build/nrf52832_xxaa/nrf_ble_qwr.c.o
 .text.sd_ble_user_mem_reply
                0x000000000002b820        0x4 _build/nrf52832_xxaa/nrf_ble_qwr.c.o
 .text.nrf_ble_qwr_init
                0x000000000002b824       0x24 _build/nrf52832_xxaa/nrf_ble_qwr.c.o
                0x000000000002b824                nrf_ble_qwr_init
 .text.nrf_ble_qwr_conn_handle_assign
                0x000000000002b848       0x18 _build/nrf52832_xxaa/nrf_ble_qwr.c.o
                0x000000000002b848                nrf_ble_qwr_conn_handle_assign
 .text.nrf_ble_qwr_on_ble_evt
                0x000000000002b860       0xec _build/nrf52832_xxaa/nrf_ble_qwr.c.o
                0x000000000002b860                nrf_ble_qwr_on_ble_evt
 .text.sd_ble_gatts_service_add
                0x000000000002b94c        0x4 _build/nrf52832_xxaa/ble_lbs.c.o
 .text.sd_ble_gatts_hvx
                0x000000000002b950        0x4 _build/nrf52832_xxaa/ble_lbs.c.o
 .text.sd_ble_uuid_vs_add
                0x000000000002b954        0x4 _build/nrf52832_xxaa/ble_lbs.c.o
 .text.ble_lbs_on_ble_evt
                0x000000000002b958       0x24 _build/nrf52832_xxaa/ble_lbs.c.o
                0x000000000002b958                ble_lbs_on_ble_evt
 .text.ble_lbs_init
                0x000000000002b97c       0xd0 _build/nrf52832_xxaa/ble_lbs.c.o
                0x000000000002b97c                ble_lbs_init
 .text.ble_lbs_on_button_change
                0x000000000002ba4c       0x40 _build/nrf52832_xxaa/ble_lbs.c.o
                0x000000000002ba4c                ble_lbs_on_button_change
 .text.sd_softdevice_enable
                0x000000000002ba8c        0x4 _build/nrf52832_xxaa/nrf_sdh.c.o
 .text.nrf_sdh_enable_request
                0x000000000002ba90      0x11c _build/nrf52832_xxaa/nrf_sdh.c.o
                0x000000000002ba90                nrf_sdh_enable_request
 .text.nrf_sdh_is_enabled
                0x000000000002bbac        0xc _build/nrf52832_xxaa/nrf_sdh.c.o
                0x000000000002bbac                nrf_sdh_is_enabled
 .text.SWI2_EGU2_IRQHandler
                0x000000000002bbb8       0x2c _build/nrf52832_xxaa/nrf_sdh.c.o
                0x000000000002bbb8                SWI2_EGU2_IRQHandler
 .text.sd_ble_enable
                0x000000000002bbe4        0x4 _build/nrf52832_xxaa/nrf_sdh_ble.c.o
 .text.sd_ble_cfg_set
                0x000000000002bbe8        0x4 _build/nrf52832_xxaa/nrf_sdh_ble.c.o
 .text.sd_ble_evt_get
                0x000000000002bbec        0x4 _build/nrf52832_xxaa/nrf_sdh_ble.c.o
 .text.nrf_sdh_ble_evts_poll
                0x000000000002bbf0       0x60 _build/nrf52832_xxaa/nrf_sdh_ble.c.o
 .text.nrf_sdh_ble_default_cfg_set
                0x000000000002bc50      0x17c _build/nrf52832_xxaa/nrf_sdh_ble.c.o
                0x000000000002bc50                nrf_sdh_ble_default_cfg_set
 .text.nrf_sdh_ble_enable
                0x000000000002bdcc       0xa0 _build/nrf52832_xxaa/nrf_sdh_ble.c.o
                0x000000000002bdcc                nrf_sdh_ble_enable
 .text.sd_evt_get
                0x000000000002be6c        0x4 _build/nrf52832_xxaa/nrf_sdh_soc.c.o
 .text.nrf_sdh_soc_evts_poll
                0x000000000002be70       0x50 _build/nrf52832_xxaa/nrf_sdh_soc.c.o
 .text.exit     0x000000000002bec0       0x28 /Applications/ARM/bin/../lib/gcc/arm-none-eabi/10.3.1/../../../../arm-none-eabi/lib/thumb/v7e-m+fp/hard/libc_nano.a(lib_a-exit.o)
                0x000000000002bec0                exit
 .text.__libc_init_array
                0x000000000002bee8       0x48 /Applications/ARM/bin/../lib/gcc/arm-none-eabi/10.3.1/../../../../arm-none-eabi/lib/thumb/v7e-m+fp/hard/libc_nano.a(lib_a-init.o)
                0x000000000002bee8                __libc_init_array
 .text.memcpy   0x000000000002bf30       0x1c /Applications/ARM/bin/../lib/gcc/arm-none-eabi/10.3.1/../../../../arm-none-eabi/lib/thumb/v7e-m+fp/hard/libc_nano.a(lib_a-memcpy-stub.o)
                0x000000000002bf30                memcpy
 .text.memset   0x000000000002bf4c       0x10 /Applications/ARM/bin/../lib/gcc/arm-none-eabi/10.3.1/../../../../arm-none-eabi/lib/thumb/v7e-m+fp/hard/libc_nano.a(lib_a-memset.o)
                0x000000000002bf4c                memset
 .text          0x000000000002bf5c       0x10 /Applications/ARM/bin/../lib/gcc/arm-none-eabi/10.3.1/../../../../arm-none-eabi/lib/thumb/v7e-m+fp/hard/libc_nano.a(lib_a-strlen.o)
                0x000000000002bf5c                strlen
 .text._exit    0x000000000002bf6c        0x4 /Applications/ARM/bin/../lib/gcc/arm-none-eabi/10.3.1/../../../../arm-none-eabi/lib/thumb/v7e-m+fp/hard/libnosys.a(_exit.o)
                0x000000000002bf6c                _exit
 *(.init)
 .init          0x000000000002bf70        0x4 /Applications/ARM/bin/../lib/gcc/arm-none-eabi/10.3.1/thumb/v7e-m+fp/hard/crti.o
                0x000000000002bf70                _init
 .init          0x000000000002bf74        0x8 /Applications/ARM/bin/../lib/gcc/arm-none-eabi/10.3.1/thumb/v7e-m+fp/hard/crtn.o
 *(.fini)
 .fini          0x000000000002bf7c        0x4 /Applications/ARM/bin/../lib/gcc/arm-none-eabi/10.3.1/thumb/v7e-m+fp/hard/crti.o
                0x000000000002bf7c                _fini
 .fini          0x000000000002bf80        0x8 /Applications/ARM/bin/../lib/gcc/arm-none-eabi/10.3.1/thumb/v7e-m+fp/hard/crtn.o
 *crtbegin.o(.ctors)
 *crtbegin?.o(.ctors)
 *(EXCLUDE_FILE(*crtend.o *crtend?.o) .ctors)
 *(SORT_BY_NAME(.ctors.*))
 *(.ctors)
 *crtbegin.o(.dtors)
 *crtbegin?.o(.dtors)
 *(EXCLUDE_FILE(*crtend.o *crtend?.o) .dtors)
 *(SORT_BY_NAME(.dtors.*))
 *(.dtors)
 *(.rodata*)
 .rodata        0x000000000002bf88       0x20 _build/nrf52832_xxaa/nrf_log_backend_uart.c.o
 .rodata.nrf_log_backend_uart_api
                0x000000000002bfa8        0xc _build/nrf52832_xxaa/nrf_log_backend_uart.c.o
                0x000000000002bfa8                nrf_log_backend_uart_api
 .rodata.str1.4
                0x000000000002bfb4       0x11 _build/nrf52832_xxaa/nrf_log_default_backends.c.o
 *fill*         0x000000000002bfc5        0x3 
 .rodata.nrf_log_frontend_dequeue.str1.4
                0x000000000002bfc8       0x11 _build/nrf52832_xxaa/nrf_log_frontend.c.o
 *fill*         0x000000000002bfd9        0x3 
 .rodata.str1.4
                0x000000000002bfdc        0x4 _build/nrf52832_xxaa/nrf_log_frontend.c.o
 .rodata.m_log_push_ringbuf
                0x000000000002bfe0        0xc _build/nrf52832_xxaa/nrf_log_frontend.c.o
 .rodata.prefix_process.str1.4
                0x000000000002bfec       0x36 _build/nrf52832_xxaa/nrf_log_str_formatter.c.o
 *fill*         0x000000000002c022        0x2 
 .rodata.nrf_log_std_entry_process.str1.4
                0x000000000002c024        0x3 _build/nrf52832_xxaa/nrf_log_str_formatter.c.o
 *fill*         0x000000000002c027        0x1 
 .rodata.nrf_log_hexdump_entry_process.str1.4
                0x000000000002c028       0x13 _build/nrf52832_xxaa/nrf_log_str_formatter.c.o
                                         0x16 (size before relaxing)
 *fill*         0x000000000002c03b        0x1 
 .rodata.str1.4
                0x000000000002c03c       0x56 _build/nrf52832_xxaa/nrf_log_str_formatter.c.o
 *fill*         0x000000000002c092        0x2 
 .rodata.m_colors
                0x000000000002c094       0x24 _build/nrf52832_xxaa/nrf_log_str_formatter.c.o
 .rodata.severity_names
                0x000000000002c0b8       0x14 _build/nrf52832_xxaa/nrf_log_str_formatter.c.o
 .rodata.str1.4
                0x000000000002c0cc        0xb _build/nrf52832_xxaa/app_button.c.o
 *fill*         0x000000000002c0d7        0x1 
 .rodata.m_detection_delay_timer_id
                0x000000000002c0d8        0x4 _build/nrf52832_xxaa/app_button.c.o
 .rodata.app_error_fault_handler.str1.4
                0x000000000002c0dc       0x19 _build/nrf52832_xxaa/app_error_weak.c.o
 *fill*         0x000000000002c0f5        0x3 
 .rodata.str1.4
                0x000000000002c0f8        0xa _build/nrf52832_xxaa/app_timer2.c.o
 *fill*         0x000000000002c102        0x2 
 .rodata        0x000000000002c104        0x4 _build/nrf52832_xxaa/app_timer2.c.o
 .rodata.m_app_timer_sortlist
                0x000000000002c108        0xc _build/nrf52832_xxaa/app_timer2.c.o
 .rodata.drv_rtc_init.str1.4
                0x000000000002c114       0x36 _build/nrf52832_xxaa/drv_rtc.c.o
 *fill*         0x000000000002c14a        0x6 
 .rodata.delay_machine_code.0
                0x000000000002c150        0x6 _build/nrf52832_xxaa/drv_rtc.c.o
 *fill*         0x000000000002c156        0x2 
 .rodata._aV2C.0
                0x000000000002c158       0x10 _build/nrf52832_xxaa/nrf_fprintf_format.c.o
 .rodata.str1.4
                0x000000000002c168        0x9 _build/nrf52832_xxaa/nrf_pwr_mgmt.c.o
 *fill*         0x000000000002c171        0x3 
 .rodata.pwr_mgmt_data
                0x000000000002c174        0xc _build/nrf52832_xxaa/nrf_pwr_mgmt.c.o
 .rodata.str1.4
                0x000000000002c180        0x9 _build/nrf52832_xxaa/nrf_sortlist.c.o
 *fill*         0x000000000002c189        0x3 
 .rodata.str1.4
                0x000000000002c18c      0x3e9 _build/nrf52832_xxaa/nrf_strerror.c.o
 *fill*         0x000000000002c575        0x3 
 .rodata.m_unknown_str
                0x000000000002c578       0x13 _build/nrf52832_xxaa/nrf_strerror.c.o
 *fill*         0x000000000002c58b        0x1 
 .rodata.nrf_strerror_array
                0x000000000002c58c      0x128 _build/nrf52832_xxaa/nrf_strerror.c.o
 .rodata.CSWTCH.15
                0x000000000002c6b4        0x5 _build/nrf52832_xxaa/system_nrf52.c.o
 *fill*         0x000000000002c6b9        0x3 
 .rodata.CSWTCH.19
                0x000000000002c6bc        0x5 _build/nrf52832_xxaa/system_nrf52.c.o
 *fill*         0x000000000002c6c1        0x3 
 .rodata.CSWTCH.21
                0x000000000002c6c4        0x5 _build/nrf52832_xxaa/system_nrf52.c.o
 *fill*         0x000000000002c6c9        0x3 
 .rodata.CSWTCH.5
                0x000000000002c6cc        0x5 _build/nrf52832_xxaa/system_nrf52.c.o
 *fill*         0x000000000002c6d1        0x3 
 .rodata.m_board_led_list
                0x000000000002c6d4        0x4 _build/nrf52832_xxaa/boards.c.o
 .rodata.str1.4
                0x000000000002c6d8        0x6 _build/nrf52832_xxaa/nrf_drv_clock.c.o
 *fill*         0x000000000002c6de        0x2 
 .rodata.str1.4
                0x000000000002c6e0        0x6 _build/nrf52832_xxaa/nrfx_clock.c.o
 *fill*         0x000000000002c6e6        0x2 
 .rodata.str1.4
                0x000000000002c6e8        0x7 _build/nrf52832_xxaa/nrfx_gpiote.c.o
 *fill*         0x000000000002c6ef        0x1 
 .rodata.str1.4
                0x000000000002c6f0        0x4 _build/nrf52832_xxaa/nrfx_prs.c.o
 .rodata.str1.4
                0x000000000002c6f4        0x5 _build/nrf52832_xxaa/nrfx_uart.c.o
 *fill*         0x000000000002c6f9        0x3 
 .rodata.str1.4
                0x000000000002c6fc        0x6 _build/nrf52832_xxaa/nrfx_uarte.c.o
 *fill*         0x000000000002c702        0x2 
 .rodata.button_event_handler.str1.4
                0x000000000002c704       0x1a _build/nrf52832_xxaa/main.c.o
 *fill*         0x000000000002c71e        0x2 
 .rodata.led_write_handler.str1.4
                0x000000000002c720       0x26 _build/nrf52832_xxaa/main.c.o
 *fill*         0x000000000002c746        0x2 
 .rodata.ble_evt_handler.str1.4
                0x000000000002c748       0x19 _build/nrf52832_xxaa/main.c.o
 *fill*         0x000000000002c761        0x3 
 .rodata.main.str1.4
                0x000000000002c764       0x28 _build/nrf52832_xxaa/main.c.o
 .rodata.data_length_update.str1.4
                0x000000000002c78c       0xe2 _build/nrf52832_xxaa/nrf_ble_gatt.c.o
 *fill*         0x000000000002c86e        0x2 
 .rodata.nrf_ble_gatt_on_ble_evt.str1.4
                0x000000000002c870       0x63 _build/nrf52832_xxaa/nrf_ble_gatt.c.o
 *fill*         0x000000000002c8d3        0x1 
 .rodata.str1.4
                0x000000000002c8d4        0xd _build/nrf52832_xxaa/nrf_ble_gatt.c.o
 *fill*         0x000000000002c8e1        0x3 
 .rodata        0x000000000002c8e4       0x10 _build/nrf52832_xxaa/ble_lbs.c.o
 .rodata.str1.4
                0x000000000002c8f4        0x8 _build/nrf52832_xxaa/nrf_sdh.c.o
 .rodata        0x000000000002c8fc        0x4 _build/nrf52832_xxaa/nrf_sdh.c.o
 .rodata.sdh_req_observers
                0x000000000002c900        0xc _build/nrf52832_xxaa/nrf_sdh.c.o
 .rodata.sdh_stack_observers
                0x000000000002c90c        0xc _build/nrf52832_xxaa/nrf_sdh.c.o
 .rodata.sdh_state_observers
                0x000000000002c918        0xc _build/nrf52832_xxaa/nrf_sdh.c.o
 .rodata.nrf_sdh_ble_default_cfg_set.str1.4
                0x000000000002c924      0x187 _build/nrf52832_xxaa/nrf_sdh_ble.c.o
 *fill*         0x000000000002caab        0x1 
 .rodata.nrf_sdh_ble_enable.str1.4
                0x000000000002caac       0xad _build/nrf52832_xxaa/nrf_sdh_ble.c.o
 *fill*         0x000000000002cb59        0x3 
 .rodata.str1.4
                0x000000000002cb5c        0xc _build/nrf52832_xxaa/nrf_sdh_ble.c.o
 .rodata.sdh_ble_observers
                0x000000000002cb68        0xc _build/nrf52832_xxaa/nrf_sdh_ble.c.o
 .rodata.str1.4
                0x000000000002cb74        0xc _build/nrf52832_xxaa/nrf_sdh_soc.c.o
 .rodata.sdh_soc_observers
                0x000000000002cb80        0xc _build/nrf52832_xxaa/nrf_sdh_soc.c.o
 .rodata._ctype_
                0x000000000002cb8c      0x101 /Applications/ARM/bin/../lib/gcc/arm-none-eabi/10.3.1/../../../../arm-none-eabi/lib/thumb/v7e-m+fp/hard/libc_nano.a(lib_a-ctype_.o)
                0x000000000002cb8c                _ctype_
 *fill*         0x000000000002cc8d        0x3 
 .rodata._global_impure_ptr
                0x000000000002cc90        0x4 /Applications/ARM/bin/../lib/gcc/arm-none-eabi/10.3.1/../../../../arm-none-eabi/lib/thumb/v7e-m+fp/hard/libc_nano.a(lib_a-impure.o)
                0x000000000002cc90                _global_impure_ptr
 *(.eh_frame*)
 .eh_frame      0x000000000002cc94        0x0 /Applications/ARM/bin/../lib/gcc/arm-none-eabi/10.3.1/thumb/v7e-m+fp/hard/crtbegin.o
 .eh_frame      0x000000000002cc94        0x4 /Applications/ARM/bin/../lib/gcc/arm-none-eabi/10.3.1/thumb/v7e-m+fp/hard/crtend.o

.glue_7         0x000000000002cc98        0x0
 .glue_7        0x000000000002cc98        0x0 linker stubs

.glue_7t        0x000000000002cc98        0x0
 .glue_7t       0x000000000002cc98        0x0 linker stubs

.vfp11_veneer   0x000000000002cc98        0x0
 .vfp11_veneer  0x000000000002cc98        0x0 linker stubs

.v4_bx          0x000000000002cc98        0x0
 .v4_bx         0x000000000002cc98        0x0 linker stubs

.iplt           0x000000000002cc98        0x0
 .iplt          0x000000000002cc98        0x0 /Applications/ARM/bin/../lib/gcc/arm-none-eabi/10.3.1/thumb/v7e-m+fp/hard/crtbegin.o

.mem_section_dummy_rom

.sdh_soc_observers
                0x000000000002cc98        0x8
                0x000000000002cc98                PROVIDE (__start_sdh_soc_observers = .)
 *(SORT_BY_NAME(.sdh_soc_observers*))
 .sdh_soc_observers0
                0x000000000002cc98        0x8 _build/nrf52832_xxaa/nrf_drv_clock.c.o
                0x000000000002cca0                PROVIDE (__stop_sdh_soc_observers = .)

.pwr_mgmt_data  0x000000000002cca0        0x0
                0x000000000002cca0                PROVIDE (__start_pwr_mgmt_data = .)
 *(SORT_BY_NAME(.pwr_mgmt_data*))
                0x000000000002cca0                PROVIDE (__stop_pwr_mgmt_data = .)

.sdh_ble_observers
                0x000000000002cca0       0x30
                0x000000000002cca0                PROVIDE (__start_sdh_ble_observers = .)
 *(SORT_BY_NAME(.sdh_ble_observers*))
 .sdh_ble_observers0
                0x000000000002cca0        0x8 _build/nrf52832_xxaa/ble_conn_state.c.o
 .sdh_ble_observers1
                0x000000000002cca8        0x8 _build/nrf52832_xxaa/main.c.o
 .sdh_ble_observers1
                0x000000000002ccb0        0x8 _build/nrf52832_xxaa/ble_conn_params.c.o
 .sdh_ble_observers2
                0x000000000002ccb8       0x10 _build/nrf52832_xxaa/main.c.o
 .sdh_ble_observers3
                0x000000000002ccc8        0x8 _build/nrf52832_xxaa/main.c.o
                0x000000000002ccd0                PROVIDE (__stop_sdh_ble_observers = .)

.sdh_req_observers
                0x000000000002ccd0        0x0
                0x000000000002ccd0                PROVIDE (__start_sdh_req_observers = .)
 *(SORT_BY_NAME(.sdh_req_observers*))
                0x000000000002ccd0                PROVIDE (__stop_sdh_req_observers = .)

.sdh_state_observers
                0x000000000002ccd0        0x8
                0x000000000002ccd0                PROVIDE (__start_sdh_state_observers = .)
 *(SORT_BY_NAME(.sdh_state_observers*))
 .sdh_state_observers0
                0x000000000002ccd0        0x8 _build/nrf52832_xxaa/nrf_drv_clock.c.o
                0x000000000002ccd8                PROVIDE (__stop_sdh_state_observers = .)

.sdh_stack_observers
                0x000000000002ccd8       0x10
                0x000000000002ccd8                PROVIDE (__start_sdh_stack_observers = .)
 *(SORT_BY_NAME(.sdh_stack_observers*))
 .sdh_stack_observers0
                0x000000000002ccd8        0x8 _build/nrf52832_xxaa/nrf_sdh_ble.c.o
 .sdh_stack_observers0
                0x000000000002cce0        0x8 _build/nrf52832_xxaa/nrf_sdh_soc.c.o
                0x000000000002cce8                PROVIDE (__stop_sdh_stack_observers = .)

.nrf_queue      0x000000000002cce8        0x0
                [!provide]                        PROVIDE (__start_nrf_queue = .)
 *(.nrf_queue)
                [!provide]                        PROVIDE (__stop_nrf_queue = .)

.nrf_balloc     0x000000000002cce8       0x14
                [!provide]                        PROVIDE (__start_nrf_balloc = .)
 *(.nrf_balloc)
 .nrf_balloc    0x000000000002cce8       0x14 _build/nrf52832_xxaa/nrf_log_frontend.c.o
                0x000000000002cce8                log_mempool
                [!provide]                        PROVIDE (__stop_nrf_balloc = .)

.cli_command    0x000000000002ccfc        0x0
                [!provide]                        PROVIDE (__start_cli_command = .)
 *(.cli_command)
                [!provide]                        PROVIDE (__stop_cli_command = .)

.crypto_data    0x000000000002ccfc        0x0
                [!provide]                        PROVIDE (__start_crypto_data = .)
 *(SORT_BY_NAME(.crypto_data*))
                [!provide]                        PROVIDE (__stop_crypto_data = .)

.log_const_data
                0x000000000002ccfc       0x78
                0x000000000002ccfc                PROVIDE (__start_log_const_data = .)
 *(SORT_BY_NAME(.log_const_data*))
 .log_const_data_CLOCK
                0x000000000002ccfc        0x8 _build/nrf52832_xxaa/nrfx_clock.c.o
                0x000000000002ccfc                m_nrf_log_CLOCK_logs_data_const
 .log_const_data_GPIOTE
                0x000000000002cd04        0x8 _build/nrf52832_xxaa/nrfx_gpiote.c.o
                0x000000000002cd04                m_nrf_log_GPIOTE_logs_data_const
 .log_const_data_PRS
                0x000000000002cd0c        0x8 _build/nrf52832_xxaa/nrfx_prs.c.o
                0x000000000002cd0c                m_nrf_log_PRS_logs_data_const
 .log_const_data_UART
                0x000000000002cd14        0x8 _build/nrf52832_xxaa/nrfx_uart.c.o
                0x000000000002cd14                m_nrf_log_UART_logs_data_const
 .log_const_data_UARTE
                0x000000000002cd1c        0x8 _build/nrf52832_xxaa/nrfx_uarte.c.o
                0x000000000002cd1c                m_nrf_log_UARTE_logs_data_const
 .log_const_data_app
                0x000000000002cd24        0x8 _build/nrf52832_xxaa/nrf_log_frontend.c.o
                0x000000000002cd24                m_nrf_log_app_logs_data_const
 .log_const_data_app_button
                0x000000000002cd2c        0x8 _build/nrf52832_xxaa/app_button.c.o
                0x000000000002cd2c                m_nrf_log_app_button_logs_data_const
 .log_const_data_app_timer
                0x000000000002cd34        0x8 _build/nrf52832_xxaa/app_timer2.c.o
                0x000000000002cd34                m_nrf_log_app_timer_logs_data_const
 .log_const_data_clock
                0x000000000002cd3c        0x8 _build/nrf52832_xxaa/nrf_drv_clock.c.o
                0x000000000002cd3c                m_nrf_log_clock_logs_data_const
 .log_const_data_nrf_ble_gatt
                0x000000000002cd44        0x8 _build/nrf52832_xxaa/nrf_ble_gatt.c.o
                0x000000000002cd44                m_nrf_log_nrf_ble_gatt_logs_data_const
 .log_const_data_nrf_sdh
                0x000000000002cd4c        0x8 _build/nrf52832_xxaa/nrf_sdh.c.o
                0x000000000002cd4c                m_nrf_log_nrf_sdh_logs_data_const
 .log_const_data_nrf_sdh_ble
                0x000000000002cd54        0x8 _build/nrf52832_xxaa/nrf_sdh_ble.c.o
                0x000000000002cd54                m_nrf_log_nrf_sdh_ble_logs_data_const
 .log_const_data_nrf_sdh_soc
                0x000000000002cd5c        0x8 _build/nrf52832_xxaa/nrf_sdh_soc.c.o
                0x000000000002cd5c                m_nrf_log_nrf_sdh_soc_logs_data_const
 .log_const_data_pwr_mgmt
                0x000000000002cd64        0x8 _build/nrf52832_xxaa/nrf_pwr_mgmt.c.o
                0x000000000002cd64                m_nrf_log_pwr_mgmt_logs_data_const
 .log_const_data_sortlist
                0x000000000002cd6c        0x8 _build/nrf52832_xxaa/nrf_sortlist.c.o
                0x000000000002cd6c                m_nrf_log_sortlist_logs_data_const
                0x000000000002cd74                PROVIDE (__stop_log_const_data = .)

.log_backends   0x000000000002cd74       0x10
                [!provide]                        PROVIDE (__start_log_backends = .)
 *(SORT_BY_NAME(.log_backends*))
 .log_backends  0x000000000002cd74       0x10 _build/nrf52832_xxaa/nrf_log_default_backends.c.o
                [!provide]                        PROVIDE (__stop_log_backends = .)

.ARM.extab
 *(.ARM.extab* .gnu.linkonce.armextab.*)
                0x000000000002cd84                __exidx_start = .

.ARM.exidx      0x000000000002cd84        0x8
 *(.ARM.exidx* .gnu.linkonce.armexidx.*)
 .ARM.exidx     0x000000000002cd84        0x8 /Applications/ARM/bin/../lib/gcc/arm-none-eabi/10.3.1/../../../../arm-none-eabi/lib/thumb/v7e-m+fp/hard/crt0.o
                                         0x10 (size before relaxing)
                0x000000000002cd8c                __exidx_end = .

.rel.dyn        0x000000000002cd8c        0x0
 .rel.iplt      0x000000000002cd8c        0x0 /Applications/ARM/bin/../lib/gcc/arm-none-eabi/10.3.1/thumb/v7e-m+fp/hard/crtbegin.o
                0x000000000002cd8c                . = ALIGN (0x4)
                0x000000000002cd8c                __etext = .

.data           0x00000000200022f0       0xd0 load address 0x000000000002cd8c
                0x00000000200022f0                __data_start__ = .
 *(vtable)
 *(.data*)
 .data.m_uart   0x00000000200022f0       0x14 _build/nrf52832_xxaa/nrf_log_backend_uart.c.o
                0x00000000200022f0                m_uart
 .data.log_backend_cb_uart_log_backend
                0x0000000020002304        0x8 _build/nrf52832_xxaa/nrf_log_default_backends.c.o
 *fill*         0x000000002000230c        0x4 
 .data.m_detection_delay_timer_id_data
                0x0000000020002310       0x20 _build/nrf52832_xxaa/app_button.c.o
 .data.m_rtc_inst
                0x0000000020002330        0x8 _build/nrf52832_xxaa/app_timer2.c.o
 .data.SystemCoreClock
                0x0000000020002338        0x4 _build/nrf52832_xxaa/system_nrf52.c.o
                0x0000000020002338                SystemCoreClock
 .data.buttons.0
                0x000000002000233c        0x8 _build/nrf52832_xxaa/main.c.o
 .data.m_adv_data
                0x0000000020002344       0x10 _build/nrf52832_xxaa/main.c.o
 .data.m_adv_handle
                0x0000000020002354        0x1 _build/nrf52832_xxaa/main.c.o
 *fill*         0x0000000020002355        0x1 
 .data.m_conn_handle
                0x0000000020002356        0x2 _build/nrf52832_xxaa/main.c.o
 .data.impure_data
                0x0000000020002358       0x60 /Applications/ARM/bin/../lib/gcc/arm-none-eabi/10.3.1/../../../../arm-none-eabi/lib/thumb/v7e-m+fp/hard/libc_nano.a(lib_a-impure.o)
                0x00000000200023b8                . = ALIGN (0x4)
                0x00000000200023b8                PROVIDE (__preinit_array_start = .)
 *(.preinit_array)
                0x00000000200023b8                PROVIDE (__preinit_array_end = .)
                0x00000000200023b8                . = ALIGN (0x4)
                0x00000000200023b8                PROVIDE (__init_array_start = .)
 *(SORT_BY_NAME(.init_array.*))
 *(.init_array)
 .init_array    0x00000000200023b8        0x4 /Applications/ARM/bin/../lib/gcc/arm-none-eabi/10.3.1/thumb/v7e-m+fp/hard/crtbegin.o
                0x00000000200023bc                PROVIDE (__init_array_end = .)
                0x00000000200023bc                . = ALIGN (0x4)
                [!provide]                        PROVIDE (__fini_array_start = .)
 *(SORT_BY_NAME(.fini_array.*))
 *(.fini_array)
 .fini_array    0x00000000200023bc        0x4 /Applications/ARM/bin/../lib/gcc/arm-none-eabi/10.3.1/thumb/v7e-m+fp/hard/crtbegin.o
                [!provide]                        PROVIDE (__fini_array_end = .)
 *(.jcr*)
                0x00000000200023c0                . = ALIGN (0x4)
                0x00000000200023c0                __data_end__ = .
LOAD /Applications/ARM/bin/../lib/gcc/arm-none-eabi/10.3.1/thumb/v7e-m+fp/hard/crti.o
LOAD /Applications/ARM/bin/../lib/gcc/arm-none-eabi/10.3.1/thumb/v7e-m+fp/hard/crtbegin.o
LOAD /Applications/ARM/bin/../lib/gcc/arm-none-eabi/10.3.1/../../../../arm-none-eabi/lib/thumb/v7e-m+fp/hard/crt0.o
LOAD _build/nrf52832_xxaa/gcc_startup_nrf52.S.o
LOAD _build/nrf52832_xxaa/nrf_log_backend_rtt.c.o
LOAD _build/nrf52832_xxaa/nrf_log_backend_serial.c.o
LOAD _build/nrf52832_xxaa/nrf_log_backend_uart.c.o
LOAD _build/nrf52832_xxaa/nrf_log_default_backends.c.o
LOAD _build/nrf52832_xxaa/nrf_log_frontend.c.o
LOAD _build/nrf52832_xxaa/nrf_log_str_formatter.c.o
LOAD _build/nrf52832_xxaa/app_button.c.o
LOAD _build/nrf52832_xxaa/app_error.c.o
LOAD _build/nrf52832_xxaa/app_error_handler_gcc.c.o
LOAD _build/nrf52832_xxaa/app_error_weak.c.o
LOAD _build/nrf52832_xxaa/app_scheduler.c.o
LOAD _build/nrf52832_xxaa/app_timer2.c.o
LOAD _build/nrf52832_xxaa/app_util_platform.c.o
LOAD _build/nrf52832_xxaa/drv_rtc.c.o
LOAD _build/nrf52832_xxaa/hardfault_implementation.c.o
LOAD _build/nrf52832_xxaa/nrf_assert.c.o
LOAD _build/nrf52832_xxaa/nrf_atfifo.c.o
LOAD _build/nrf52832_xxaa/nrf_atflags.c.o
LOAD _build/nrf52832_xxaa/nrf_atomic.c.o
LOAD _build/nrf52832_xxaa/nrf_balloc.c.o
LOAD _build/nrf52832_xxaa/nrf_fprintf.c.o
LOAD _build/nrf52832_xxaa/nrf_fprintf_format.c.o
LOAD _build/nrf52832_xxaa/nrf_memobj.c.o
LOAD _build/nrf52832_xxaa/nrf_pwr_mgmt.c.o
LOAD _build/nrf52832_xxaa/nrf_ringbuf.c.o
LOAD _build/nrf52832_xxaa/nrf_section_iter.c.o
LOAD _build/nrf52832_xxaa/nrf_sortlist.c.o
LOAD _build/nrf52832_xxaa/nrf_strerror.c.o
LOAD _build/nrf52832_xxaa/system_nrf52.c.o
LOAD _build/nrf52832_xxaa/boards.c.o
LOAD _build/nrf52832_xxaa/nrf_drv_clock.c.o
LOAD _build/nrf52832_xxaa/nrf_drv_uart.c.o
LOAD _build/nrf52832_xxaa/nrfx_atomic.c.o
LOAD _build/nrf52832_xxaa/nrfx_clock.c.o
LOAD _build/nrf52832_xxaa/nrfx_gpiote.c.o
LOAD _build/nrf52832_xxaa/nrfx_prs.c.o
LOAD _build/nrf52832_xxaa/nrfx_uart.c.o
LOAD _build/nrf52832_xxaa/nrfx_uarte.c.o
LOAD _build/nrf52832_xxaa/main.c.o
LOAD _build/nrf52832_xxaa/SEGGER_RTT.c.o
LOAD _build/nrf52832_xxaa/SEGGER_RTT_Syscalls_GCC.c.o
LOAD _build/nrf52832_xxaa/SEGGER_RTT_printf.c.o
LOAD _build/nrf52832_xxaa/ble_advdata.c.o
LOAD _build/nrf52832_xxaa/ble_conn_params.c.o
LOAD _build/nrf52832_xxaa/ble_conn_state.c.o
LOAD _build/nrf52832_xxaa/ble_srv_common.c.o
LOAD _build/nrf52832_xxaa/nrf_ble_gatt.c.o
LOAD _build/nrf52832_xxaa/nrf_ble_qwr.c.o
LOAD _build/nrf52832_xxaa/utf.c.o
LOAD _build/nrf52832_xxaa/ble_lbs.c.o
LOAD _build/nrf52832_xxaa/nrf_sdh.c.o
LOAD _build/nrf52832_xxaa/nrf_sdh_ble.c.o
LOAD _build/nrf52832_xxaa/nrf_sdh_soc.c.o
LOAD /Applications/ARM/bin/../lib/gcc/arm-none-eabi/10.3.1/../../../../arm-none-eabi/lib/thumb/v7e-m+fp/hard/libc_nano.a
LOAD /Applications/ARM/bin/../lib/gcc/arm-none-eabi/10.3.1/../../../../arm-none-eabi/lib/thumb/v7e-m+fp/hard/libnosys.a
LOAD /Applications/ARM/bin/../lib/gcc/arm-none-eabi/10.3.1/../../../../arm-none-eabi/lib/thumb/v7e-m+fp/hard/libm.a
START GROUP
LOAD /Applications/ARM/bin/../lib/gcc/arm-none-eabi/10.3.1/thumb/v7e-m+fp/hard/libgcc.a
LOAD /Applications/ARM/bin/../lib/gcc/arm-none-eabi/10.3.1/../../../../arm-none-eabi/lib/thumb/v7e-m+fp/hard/libg_nano.a
LOAD /Applications/ARM/bin/../lib/gcc/arm-none-eabi/10.3.1/../../../../arm-none-eabi/lib/thumb/v7e-m+fp/hard/libc_nano.a
END GROUP
START GROUP
LOAD /Applications/ARM/bin/../lib/gcc/arm-none-eabi/10.3.1/thumb/v7e-m+fp/hard/libgcc.a
LOAD /Applications/ARM/bin/../lib/gcc/arm-none-eabi/10.3.1/../../../../arm-none-eabi/lib/thumb/v7e-m+fp/hard/libc_nano.a
END GROUP
LOAD /Applications/ARM/bin/../lib/gcc/arm-none-eabi/10.3.1/thumb/v7e-m+fp/hard/crtend.o
LOAD /Applications/ARM/bin/../lib/gcc/arm-none-eabi/10.3.1/thumb/v7e-m+fp/hard/crtn.o
START GROUP
LOAD /Applications/ARM/bin/../lib/gcc/arm-none-eabi/10.3.1/thumb/v7e-m+fp/hard/libgcc.a
LOAD /Applications/ARM/bin/../lib/gcc/arm-none-eabi/10.3.1/../../../../arm-none-eabi/lib/thumb/v7e-m+fp/hard/libc.a
LOAD /Applications/ARM/bin/../lib/gcc/arm-none-eabi/10.3.1/../../../../arm-none-eabi/lib/thumb/v7e-m+fp/hard/libnosys.a
END GROUP

.igot.plt       0x00000000200023c0        0x0 load address 0x000000000002ce5c
 .igot.plt      0x00000000200023c0        0x0 /Applications/ARM/bin/../lib/gcc/arm-none-eabi/10.3.1/thumb/v7e-m+fp/hard/crtbegin.o
                0x00000000200023c0                . = ALIGN (0x4)

.mem_section_dummy_ram

.cli_sorted_cmd_ptrs
                0x00000000200023c0        0x0
                [!provide]                        PROVIDE (__start_cli_sorted_cmd_ptrs = .)
 *(.cli_sorted_cmd_ptrs)
                [!provide]                        PROVIDE (__stop_cli_sorted_cmd_ptrs = .)

.fs_data        0x00000000200023c0        0x0
                [!provide]                        PROVIDE (__start_fs_data = .)
 *(.fs_data)
                [!provide]                        PROVIDE (__stop_fs_data = .)

.log_dynamic_data
                0x00000000200023c0        0x0
                0x00000000200023c0                PROVIDE (__start_log_dynamic_data = .)
 *(SORT_BY_NAME(.log_dynamic_data*))
                [!provide]                        PROVIDE (__stop_log_dynamic_data = .)

.log_filter_data
                0x00000000200023c0        0x0
                [!provide]                        PROVIDE (__start_log_filter_data = .)
 *(SORT_BY_NAME(.log_filter_data*))
                [!provide]                        PROVIDE (__stop_log_filter_data = .)

.bss            0x00000000200023c0      0x900 load address 0x000000000002ce60
                0x00000000200023c0                . = ALIGN (0x4)
                0x00000000200023c0                __bss_start__ = .
 *(.bss*)
 .bss           0x00000000200023c0       0x1c /Applications/ARM/bin/../lib/gcc/arm-none-eabi/10.3.1/thumb/v7e-m+fp/hard/crtbegin.o
 .bss.m_async_mode
                0x00000000200023dc        0x1 _build/nrf52832_xxaa/nrf_log_backend_uart.c.o
 *fill*         0x00000000200023dd        0x3 
 .bss.m_string_buff
                0x00000000200023e0       0x40 _build/nrf52832_xxaa/nrf_log_backend_uart.c.o
 .bss.m_xfer_done
                0x0000000020002420        0x1 _build/nrf52832_xxaa/nrf_log_backend_uart.c.o
 *fill*         0x0000000020002421        0x3 
 .bss.log_mempool_nrf_balloc_cb
                0x0000000020002424        0x8 _build/nrf52832_xxaa/nrf_log_frontend.c.o
 .bss.log_mempool_nrf_balloc_pool_mem
                0x000000002000242c       0xc0 _build/nrf52832_xxaa/nrf_log_frontend.c.o
 .bss.log_mempool_nrf_balloc_pool_stack
                0x00000000200024ec        0x8 _build/nrf52832_xxaa/nrf_log_frontend.c.o
 .bss.m_log_data
                0x00000000200024f4      0x420 _build/nrf52832_xxaa/nrf_log_frontend.c.o
 .bss.m_log_push_ringbuf_buf
                0x0000000020002914       0x80 _build/nrf52832_xxaa/nrf_log_frontend.c.o
 .bss.m_log_push_ringbuf_cb
                0x0000000020002994       0x18 _build/nrf52832_xxaa/nrf_log_frontend.c.o
 .bss.m_button_count
                0x00000000200029ac        0x1 _build/nrf52832_xxaa/app_button.c.o
 *fill*         0x00000000200029ad        0x3 
 .bss.m_detection_delay
                0x00000000200029b0        0x4 _build/nrf52832_xxaa/app_button.c.o
 *fill*         0x00000000200029b4        0x4 
 .bss.m_pin_active
                0x00000000200029b8        0x8 _build/nrf52832_xxaa/app_button.c.o
 .bss.m_pin_states
                0x00000000200029c0       0x10 _build/nrf52832_xxaa/app_button.c.o
 .bss.mp_buttons
                0x00000000200029d0        0x4 _build/nrf52832_xxaa/app_button.c.o
 .bss.m_app_timer_sortlist_sortlist_cb
                0x00000000200029d4        0x4 _build/nrf52832_xxaa/app_timer2.c.o
 .bss.m_base_counter
                0x00000000200029d8        0x8 _build/nrf52832_xxaa/app_timer2.c.o
 .bss.m_global_active
                0x00000000200029e0        0x1 _build/nrf52832_xxaa/app_timer2.c.o
 *fill*         0x00000000200029e1        0x3 
 .bss.m_req_fifo_data
                0x00000000200029e4       0x58 _build/nrf52832_xxaa/app_timer2.c.o
 .bss.m_req_fifo_inst
                0x0000000020002a3c       0x10 _build/nrf52832_xxaa/app_timer2.c.o
 *fill*         0x0000000020002a4c        0x4 
 .bss.m_stamp64
                0x0000000020002a50        0x8 _build/nrf52832_xxaa/app_timer2.c.o
 .bss.mp_active_timer
                0x0000000020002a58        0x4 _build/nrf52832_xxaa/app_timer2.c.o
 .bss.nrf_nvic_state
                0x0000000020002a5c        0xc _build/nrf52832_xxaa/app_util_platform.c.o
                0x0000000020002a5c                nrf_nvic_state
 .bss.m_cb      0x0000000020002a68        0x8 _build/nrf52832_xxaa/drv_rtc.c.o
 .bss.m_handlers
                0x0000000020002a70        0x4 _build/nrf52832_xxaa/drv_rtc.c.o
 .bss.m_handlers_iter
                0x0000000020002a74        0x8 _build/nrf52832_xxaa/nrf_pwr_mgmt.c.o
 .bss.m_shutdown_started
                0x0000000020002a7c        0x1 _build/nrf52832_xxaa/nrf_pwr_mgmt.c.o
 *fill*         0x0000000020002a7d        0x3 
 .bss.m_sysoff_mtx
                0x0000000020002a80        0x4 _build/nrf52832_xxaa/nrf_pwr_mgmt.c.o
 .bss.m_clock_cb
                0x0000000020002a84       0x14 _build/nrf52832_xxaa/nrf_drv_clock.c.o
 .bss.m_contexts
                0x0000000020002a98        0x4 _build/nrf52832_xxaa/nrf_drv_uart.c.o
 .bss.m_handlers
                0x0000000020002a9c        0x4 _build/nrf52832_xxaa/nrf_drv_uart.c.o
 .bss.nrf_drv_uart_use_easy_dma
                0x0000000020002aa0        0x1 _build/nrf52832_xxaa/nrf_drv_uart.c.o
                0x0000000020002aa0                nrf_drv_uart_use_easy_dma
 *fill*         0x0000000020002aa1        0x3 
 .bss.m_clock_cb
                0x0000000020002aa4        0x8 _build/nrf52832_xxaa/nrfx_clock.c.o
 *fill*         0x0000000020002aac        0x4 
 .bss.m_cb      0x0000000020002ab0       0x5c _build/nrf52832_xxaa/nrfx_gpiote.c.o
 .bss.m_prs_box_4
                0x0000000020002b0c        0x8 _build/nrf52832_xxaa/nrfx_prs.c.o
 *fill*         0x0000000020002b14        0x4 
 .bss.m_cb      0x0000000020002b18       0x2c _build/nrf52832_xxaa/nrfx_uart.c.o
 *fill*         0x0000000020002b44        0x4 
 .bss.m_cb      0x0000000020002b48       0x24 _build/nrf52832_xxaa/nrfx_uarte.c.o
 .bss.m_enc_advdata
                0x0000000020002b6c       0x1f _build/nrf52832_xxaa/main.c.o
 *fill*         0x0000000020002b8b        0x1 
 .bss.m_enc_scan_response_data
                0x0000000020002b8c       0x1f _build/nrf52832_xxaa/main.c.o
 *fill*         0x0000000020002bab        0x1 
 .bss.m_gatt    0x0000000020002bac       0x14 _build/nrf52832_xxaa/main.c.o
 .bss.m_lbs     0x0000000020002bc0       0x18 _build/nrf52832_xxaa/main.c.o
 .bss.m_qwr     0x0000000020002bd8        0xc _build/nrf52832_xxaa/main.c.o
 .bss.m_conn_params_config
                0x0000000020002be4       0x1c _build/nrf52832_xxaa/ble_conn_params.c.o
 .bss.m_conn_params_instances
                0x0000000020002c00       0x14 _build/nrf52832_xxaa/ble_conn_params.c.o
 .bss.m_preferred_conn_params
                0x0000000020002c14        0x8 _build/nrf52832_xxaa/ble_conn_params.c.o
 *fill*         0x0000000020002c1c        0x4 
 .bss.m_timer_data
                0x0000000020002c20       0x20 _build/nrf52832_xxaa/ble_conn_params.c.o
 .bss.m_bcs     0x0000000020002c40       0x7c _build/nrf52832_xxaa/ble_conn_state.c.o
 .bss.m_nrf_sdh_continue
                0x0000000020002cbc        0x1 _build/nrf52832_xxaa/nrf_sdh.c.o
 .bss.m_nrf_sdh_enabled
                0x0000000020002cbd        0x1 _build/nrf52832_xxaa/nrf_sdh.c.o
 .bss.m_nrf_sdh_suspended
                0x0000000020002cbe        0x1 _build/nrf52832_xxaa/nrf_sdh.c.o
 .bss.m_stack_is_enabled
                0x0000000020002cbf        0x1 _build/nrf52832_xxaa/nrf_sdh_ble.c.o
 *(COMMON)
                0x0000000020002cc0                . = ALIGN (0x4)
                0x0000000020002cc0                __bss_end__ = .

.heap           0x0000000020002cc0     0x2000
                0x0000000020002cc0                __HeapBase = .
                0x0000000020002cc0                __end__ = .
                [!provide]                        PROVIDE (end = .)
 *(.heap*)
 .heap          0x0000000020002cc0     0x2000 _build/nrf52832_xxaa/gcc_startup_nrf52.S.o
                0x0000000020004cc0                __HeapLimit = .

.stack_dummy    0x0000000020002cc0     0x2000
 *(.stack*)
 .stack         0x0000000020002cc0     0x2000 _build/nrf52832_xxaa/gcc_startup_nrf52.S.o
                0x0000000020010000                __StackTop = (ORIGIN (RAM) + LENGTH (RAM))
                0x000000002000e000                __StackLimit = (__StackTop - SIZEOF (.stack_dummy))
                0x0000000020010000                PROVIDE (__stack = __StackTop)
                0x0000000000000001                ASSERT ((__StackLimit >= __HeapLimit), region RAM overflowed with stack)
                0x00000000000000d0                DataInitFlashUsed = (__bss_start__ - __data_start__)
                0x0000000000006d8c                CodeFlashUsed = (__etext - ORIGIN (FLASH))
                0x0000000000006e5c                TotalFlashUsed = (CodeFlashUsed + DataInitFlashUsed)
                0x0000000000000001                ASSERT ((TotalFlashUsed <= LENGTH (FLASH)), region FLASH overflowed with .data and user data)
OUTPUT(_build/nrf52832_xxaa.out elf32-littlearm)
LOAD linker stubs

.ARM.attributes
                0x0000000000000000       0x30
 .ARM.attributes
                0x0000000000000000       0x1e /Applications/ARM/bin/../lib/gcc/arm-none-eabi/10.3.1/thumb/v7e-m+fp/hard/crti.o
 .ARM.attributes
                0x000000000000001e       0x34 /Applications/ARM/bin/../lib/gcc/arm-none-eabi/10.3.1/thumb/v7e-m+fp/hard/crtbegin.o
 .ARM.attributes
                0x0000000000000052       0x1c /Applications/ARM/bin/../lib/gcc/arm-none-eabi/10.3.1/../../../../arm-none-eabi/lib/thumb/v7e-m+fp/hard/crt0.o
 .ARM.attributes
                0x000000000000006e       0x20 _build/nrf52832_xxaa/gcc_startup_nrf52.S.o
 .ARM.attributes
                0x000000000000008e       0x34 _build/nrf52832_xxaa/nrf_log_backend_serial.c.o
 .ARM.attributes
                0x00000000000000c2       0x34 _build/nrf52832_xxaa/nrf_log_backend_uart.c.o
 .ARM.attributes
                0x00000000000000f6       0x34 _build/nrf52832_xxaa/nrf_log_default_backends.c.o
 .ARM.attributes
                0x000000000000012a       0x34 _build/nrf52832_xxaa/nrf_log_frontend.c.o
 .ARM.attributes
                0x000000000000015e       0x34 _build/nrf52832_xxaa/nrf_log_str_formatter.c.o
 .ARM.attributes
                0x0000000000000192       0x34 _build/nrf52832_xxaa/app_button.c.o
 .ARM.attributes
                0x00000000000001c6       0x34 _build/nrf52832_xxaa/app_error.c.o
 .ARM.attributes
                0x00000000000001fa       0x34 _build/nrf52832_xxaa/app_error_weak.c.o
 .ARM.attributes
                0x000000000000022e       0x34 _build/nrf52832_xxaa/app_timer2.c.o
 .ARM.attributes
                0x0000000000000262       0x34 _build/nrf52832_xxaa/app_util_platform.c.o
 .ARM.attributes
                0x0000000000000296       0x34 _build/nrf52832_xxaa/drv_rtc.c.o
 .ARM.attributes
                0x00000000000002ca       0x34 _build/nrf52832_xxaa/nrf_atfifo.c.o
 .ARM.attributes
                0x00000000000002fe       0x34 _build/nrf52832_xxaa/nrf_atflags.c.o
 .ARM.attributes
                0x0000000000000332       0x34 _build/nrf52832_xxaa/nrf_atomic.c.o
 .ARM.attributes
                0x0000000000000366       0x34 _build/nrf52832_xxaa/nrf_balloc.c.o
 .ARM.attributes
                0x000000000000039a       0x34 _build/nrf52832_xxaa/nrf_fprintf.c.o
 .ARM.attributes
                0x00000000000003ce       0x34 _build/nrf52832_xxaa/nrf_fprintf_format.c.o
 .ARM.attributes
                0x0000000000000402       0x34 _build/nrf52832_xxaa/nrf_memobj.c.o
 .ARM.attributes
                0x0000000000000436       0x34 _build/nrf52832_xxaa/nrf_pwr_mgmt.c.o
 .ARM.attributes
                0x000000000000046a       0x34 _build/nrf52832_xxaa/nrf_ringbuf.c.o
 .ARM.attributes
                0x000000000000049e       0x34 _build/nrf52832_xxaa/nrf_section_iter.c.o
 .ARM.attributes
                0x00000000000004d2       0x34 _build/nrf52832_xxaa/nrf_sortlist.c.o
 .ARM.attributes
                0x0000000000000506       0x34 _build/nrf52832_xxaa/nrf_strerror.c.o
 .ARM.attributes
                0x000000000000053a       0x34 _build/nrf52832_xxaa/system_nrf52.c.o
 .ARM.attributes
                0x000000000000056e       0x34 _build/nrf52832_xxaa/boards.c.o
 .ARM.attributes
                0x00000000000005a2       0x34 _build/nrf52832_xxaa/nrf_drv_clock.c.o
 .ARM.attributes
                0x00000000000005d6       0x34 _build/nrf52832_xxaa/nrf_drv_uart.c.o
 .ARM.attributes
                0x000000000000060a       0x34 _build/nrf52832_xxaa/nrfx_clock.c.o
 .ARM.attributes
                0x000000000000063e       0x34 _build/nrf52832_xxaa/nrfx_gpiote.c.o
 .ARM.attributes
                0x0000000000000672       0x34 _build/nrf52832_xxaa/nrfx_prs.c.o
 .ARM.attributes
                0x00000000000006a6       0x34 _build/nrf52832_xxaa/nrfx_uart.c.o
 .ARM.attributes
                0x00000000000006da       0x34 _build/nrf52832_xxaa/nrfx_uarte.c.o
 .ARM.attributes
                0x000000000000070e       0x34 _build/nrf52832_xxaa/main.c.o
 .ARM.attributes
                0x0000000000000742       0x34 _build/nrf52832_xxaa/ble_advdata.c.o
 .ARM.attributes
                0x0000000000000776       0x34 _build/nrf52832_xxaa/ble_conn_params.c.o
 .ARM.attributes
                0x00000000000007aa       0x34 _build/nrf52832_xxaa/ble_conn_state.c.o
 .ARM.attributes
                0x00000000000007de       0x34 _build/nrf52832_xxaa/ble_srv_common.c.o
 .ARM.attributes
                0x0000000000000812       0x34 _build/nrf52832_xxaa/nrf_ble_gatt.c.o
 .ARM.attributes
                0x0000000000000846       0x34 _build/nrf52832_xxaa/nrf_ble_qwr.c.o
 .ARM.attributes
                0x000000000000087a       0x34 _build/nrf52832_xxaa/ble_lbs.c.o
 .ARM.attributes
                0x00000000000008ae       0x34 _build/nrf52832_xxaa/nrf_sdh.c.o
 .ARM.attributes
                0x00000000000008e2       0x34 _build/nrf52832_xxaa/nrf_sdh_ble.c.o
 .ARM.attributes
                0x0000000000000916       0x34 _build/nrf52832_xxaa/nrf_sdh_soc.c.o
 .ARM.attributes
                0x000000000000094a       0x34 /Applications/ARM/bin/../lib/gcc/arm-none-eabi/10.3.1/../../../../arm-none-eabi/lib/thumb/v7e-m+fp/hard/libc_nano.a(lib_a-ctype_.o)
 .ARM.attributes
                0x000000000000097e       0x34 /Applications/ARM/bin/../lib/gcc/arm-none-eabi/10.3.1/../../../../arm-none-eabi/lib/thumb/v7e-m+fp/hard/libc_nano.a(lib_a-exit.o)
 .ARM.attributes
                0x00000000000009b2       0x34 /Applications/ARM/bin/../lib/gcc/arm-none-eabi/10.3.1/../../../../arm-none-eabi/lib/thumb/v7e-m+fp/hard/libc_nano.a(lib_a-impure.o)
 .ARM.attributes
                0x00000000000009e6       0x34 /Applications/ARM/bin/../lib/gcc/arm-none-eabi/10.3.1/../../../../arm-none-eabi/lib/thumb/v7e-m+fp/hard/libc_nano.a(lib_a-init.o)
 .ARM.attributes
                0x0000000000000a1a       0x34 /Applications/ARM/bin/../lib/gcc/arm-none-eabi/10.3.1/../../../../arm-none-eabi/lib/thumb/v7e-m+fp/hard/libc_nano.a(lib_a-memcpy-stub.o)
 .ARM.attributes
                0x0000000000000a4e       0x34 /Applications/ARM/bin/../lib/gcc/arm-none-eabi/10.3.1/../../../../arm-none-eabi/lib/thumb/v7e-m+fp/hard/libc_nano.a(lib_a-memset.o)
 .ARM.attributes
                0x0000000000000a82       0x17 /Applications/ARM/bin/../lib/gcc/arm-none-eabi/10.3.1/../../../../arm-none-eabi/lib/thumb/v7e-m+fp/hard/libc_nano.a(lib_a-strlen.o)
 .ARM.attributes
                0x0000000000000a99       0x34 /Applications/ARM/bin/../lib/gcc/arm-none-eabi/10.3.1/../../../../arm-none-eabi/lib/thumb/v7e-m+fp/hard/libnosys.a(_exit.o)
 .ARM.attributes
                0x0000000000000acd       0x34 /Applications/ARM/bin/../lib/gcc/arm-none-eabi/10.3.1/thumb/v7e-m+fp/hard/crtend.o
 .ARM.attributes
                0x0000000000000b01       0x1e /Applications/ARM/bin/../lib/gcc/arm-none-eabi/10.3.1/thumb/v7e-m+fp/hard/crtn.o

.comment        0x0000000000000000       0x49
 .comment       0x0000000000000000       0x49 _build/nrf52832_xxaa/nrf_log_backend_serial.c.o
                                         0x4a (size before relaxing)
 .comment       0x0000000000000049       0x4a _build/nrf52832_xxaa/nrf_log_backend_uart.c.o
 .comment       0x0000000000000049       0x4a _build/nrf52832_xxaa/nrf_log_default_backends.c.o
 .comment       0x0000000000000049       0x4a _build/nrf52832_xxaa/nrf_log_frontend.c.o
 .comment       0x0000000000000049       0x4a _build/nrf52832_xxaa/nrf_log_str_formatter.c.o
 .comment       0x0000000000000049       0x4a _build/nrf52832_xxaa/app_button.c.o
 .comment       0x0000000000000049       0x4a _build/nrf52832_xxaa/app_error.c.o
 .comment       0x0000000000000049       0x4a _build/nrf52832_xxaa/app_error_weak.c.o
 .comment       0x0000000000000049       0x4a _build/nrf52832_xxaa/app_timer2.c.o
 .comment       0x0000000000000049       0x4a _build/nrf52832_xxaa/app_util_platform.c.o
 .comment       0x0000000000000049       0x4a _build/nrf52832_xxaa/drv_rtc.c.o
 .comment       0x0000000000000049       0x4a _build/nrf52832_xxaa/nrf_atfifo.c.o
 .comment       0x0000000000000049       0x4a _build/nrf52832_xxaa/nrf_atflags.c.o
 .comment       0x0000000000000049       0x4a _build/nrf52832_xxaa/nrf_atomic.c.o
 .comment       0x0000000000000049       0x4a _build/nrf52832_xxaa/nrf_balloc.c.o
 .comment       0x0000000000000049       0x4a _build/nrf52832_xxaa/nrf_fprintf.c.o
 .comment       0x0000000000000049       0x4a _build/nrf52832_xxaa/nrf_fprintf_format.c.o
 .comment       0x0000000000000049       0x4a _build/nrf52832_xxaa/nrf_memobj.c.o
 .comment       0x0000000000000049       0x4a _build/nrf52832_xxaa/nrf_pwr_mgmt.c.o
 .comment       0x0000000000000049       0x4a _build/nrf52832_xxaa/nrf_ringbuf.c.o
 .comment       0x0000000000000049       0x4a _build/nrf52832_xxaa/nrf_section_iter.c.o
 .comment       0x0000000000000049       0x4a _build/nrf52832_xxaa/nrf_sortlist.c.o
 .comment       0x0000000000000049       0x4a _build/nrf52832_xxaa/nrf_strerror.c.o
 .comment       0x0000000000000049       0x4a _build/nrf52832_xxaa/system_nrf52.c.o
 .comment       0x0000000000000049       0x4a _build/nrf52832_xxaa/boards.c.o
 .comment       0x0000000000000049       0x4a _build/nrf52832_xxaa/nrf_drv_clock.c.o
 .comment       0x0000000000000049       0x4a _build/nrf52832_xxaa/nrf_drv_uart.c.o
 .comment       0x0000000000000049       0x4a _build/nrf52832_xxaa/nrfx_clock.c.o
 .comment       0x0000000000000049       0x4a _build/nrf52832_xxaa/nrfx_gpiote.c.o
 .comment       0x0000000000000049       0x4a _build/nrf52832_xxaa/nrfx_prs.c.o
 .comment       0x0000000000000049       0x4a _build/nrf52832_xxaa/nrfx_uart.c.o
 .comment       0x0000000000000049       0x4a _build/nrf52832_xxaa/nrfx_uarte.c.o
 .comment       0x0000000000000049       0x4a _build/nrf52832_xxaa/main.c.o
 .comment       0x0000000000000049       0x4a _build/nrf52832_xxaa/ble_advdata.c.o
 .comment       0x0000000000000049       0x4a _build/nrf52832_xxaa/ble_conn_params.c.o
 .comment       0x0000000000000049       0x4a _build/nrf52832_xxaa/ble_conn_state.c.o
 .comment       0x0000000000000049       0x4a _build/nrf52832_xxaa/ble_srv_common.c.o
 .comment       0x0000000000000049       0x4a _build/nrf52832_xxaa/nrf_ble_gatt.c.o
 .comment       0x0000000000000049       0x4a _build/nrf52832_xxaa/nrf_ble_qwr.c.o
 .comment       0x0000000000000049       0x4a _build/nrf52832_xxaa/ble_lbs.c.o
 .comment       0x0000000000000049       0x4a _build/nrf52832_xxaa/nrf_sdh.c.o
 .comment       0x0000000000000049       0x4a _build/nrf52832_xxaa/nrf_sdh_ble.c.o
 .comment       0x0000000000000049       0x4a _build/nrf52832_xxaa/nrf_sdh_soc.c.o

.debug_line     0x0000000000000000    0x25acf
 .debug_line    0x0000000000000000       0x86 _build/nrf52832_xxaa/gcc_startup_nrf52.S.o
 .debug_line    0x0000000000000086      0x87e _build/nrf52832_xxaa/nrf_log_backend_serial.c.o
 .debug_line    0x0000000000000904      0xbb1 _build/nrf52832_xxaa/nrf_log_backend_uart.c.o
 .debug_line    0x00000000000014b5      0x76f _build/nrf52832_xxaa/nrf_log_default_backends.c.o
 .debug_line    0x0000000000001c24     0x2b06 _build/nrf52832_xxaa/nrf_log_frontend.c.o
 .debug_line    0x000000000000472a      0x9d4 _build/nrf52832_xxaa/nrf_log_str_formatter.c.o
 .debug_line    0x00000000000050fe     0x12be _build/nrf52832_xxaa/app_button.c.o
 .debug_line    0x00000000000063bc      0x520 _build/nrf52832_xxaa/app_error.c.o
 .debug_line    0x00000000000068dc      0x873 _build/nrf52832_xxaa/app_error_weak.c.o
 .debug_line    0x000000000000714f     0x1271 _build/nrf52832_xxaa/app_timer2.c.o
 .debug_line    0x00000000000083c0      0x764 _build/nrf52832_xxaa/app_util_platform.c.o
 .debug_line    0x0000000000008b24     0x14cf _build/nrf52832_xxaa/drv_rtc.c.o
 .debug_line    0x0000000000009ff3      0xa3c _build/nrf52832_xxaa/nrf_atfifo.c.o
 .debug_line    0x000000000000aa2f      0x859 _build/nrf52832_xxaa/nrf_atflags.c.o
 .debug_line    0x000000000000b288      0x878 _build/nrf52832_xxaa/nrf_atomic.c.o
 .debug_line    0x000000000000bb00      0x8b8 _build/nrf52832_xxaa/nrf_balloc.c.o
 .debug_line    0x000000000000c3b8      0x546 _build/nrf52832_xxaa/nrf_fprintf.c.o
 .debug_line    0x000000000000c8fe      0xfa2 _build/nrf52832_xxaa/nrf_fprintf_format.c.o
 .debug_line    0x000000000000d8a0      0xb6b _build/nrf52832_xxaa/nrf_memobj.c.o
 .debug_line    0x000000000000e40b      0xe69 _build/nrf52832_xxaa/nrf_pwr_mgmt.c.o
 .debug_line    0x000000000000f274      0x9ce _build/nrf52832_xxaa/nrf_ringbuf.c.o
 .debug_line    0x000000000000fc42      0x55c _build/nrf52832_xxaa/nrf_section_iter.c.o
 .debug_line    0x000000000001019e      0x74a _build/nrf52832_xxaa/nrf_sortlist.c.o
 .debug_line    0x00000000000108e8      0x598 _build/nrf52832_xxaa/nrf_strerror.c.o
 .debug_line    0x0000000000010e80      0xa0d _build/nrf52832_xxaa/system_nrf52.c.o
 .debug_line    0x000000000001188d     0x1072 _build/nrf52832_xxaa/boards.c.o
 .debug_line    0x00000000000128ff     0x121f _build/nrf52832_xxaa/nrf_drv_clock.c.o
 .debug_line    0x0000000000013b1e      0x82b _build/nrf52832_xxaa/nrf_drv_uart.c.o
 .debug_line    0x0000000000014349     0x10c4 _build/nrf52832_xxaa/nrfx_clock.c.o
 .debug_line    0x000000000001540d     0x2d5d _build/nrf52832_xxaa/nrfx_gpiote.c.o
 .debug_line    0x000000000001816a      0x945 _build/nrf52832_xxaa/nrfx_prs.c.o
 .debug_line    0x0000000000018aaf     0x1e07 _build/nrf52832_xxaa/nrfx_uart.c.o
 .debug_line    0x000000000001a8b6     0x1d63 _build/nrf52832_xxaa/nrfx_uarte.c.o
 .debug_line    0x000000000001c619     0x1470 _build/nrf52832_xxaa/main.c.o
 .debug_line    0x000000000001da89     0x141e _build/nrf52832_xxaa/ble_advdata.c.o
 .debug_line    0x000000000001eea7      0xe75 _build/nrf52832_xxaa/ble_conn_params.c.o
 .debug_line    0x000000000001fd1c     0x11a7 _build/nrf52832_xxaa/ble_conn_state.c.o
 .debug_line    0x0000000000020ec3      0xa3e _build/nrf52832_xxaa/ble_srv_common.c.o
 .debug_line    0x0000000000021901      0xdaa _build/nrf52832_xxaa/nrf_ble_gatt.c.o
 .debug_line    0x00000000000226ab      0x848 _build/nrf52832_xxaa/nrf_ble_qwr.c.o
 .debug_line    0x0000000000022ef3      0x884 _build/nrf52832_xxaa/ble_lbs.c.o
 .debug_line    0x0000000000023777     0x1066 _build/nrf52832_xxaa/nrf_sdh.c.o
 .debug_line    0x00000000000247dd      0xb3a _build/nrf52832_xxaa/nrf_sdh_ble.c.o
 .debug_line    0x0000000000025317      0x7b8 _build/nrf52832_xxaa/nrf_sdh_soc.c.o

.debug_info     0x0000000000000000    0x3b354
 .debug_info    0x0000000000000000       0x26 _build/nrf52832_xxaa/gcc_startup_nrf52.S.o
 .debug_info    0x0000000000000026      0x7cf _build/nrf52832_xxaa/nrf_log_backend_serial.c.o
 .debug_info    0x00000000000007f5     0x11c6 _build/nrf52832_xxaa/nrf_log_backend_uart.c.o
 .debug_info    0x00000000000019bb      0x303 _build/nrf52832_xxaa/nrf_log_default_backends.c.o
 .debug_info    0x0000000000001cbe     0x3b50 _build/nrf52832_xxaa/nrf_log_frontend.c.o
 .debug_info    0x000000000000580e      0x865 _build/nrf52832_xxaa/nrf_log_str_formatter.c.o
 .debug_info    0x0000000000006073     0x1353 _build/nrf52832_xxaa/app_button.c.o
 .debug_info    0x00000000000073c6      0x2c3 _build/nrf52832_xxaa/app_error.c.o
 .debug_info    0x0000000000007689      0x4b9 _build/nrf52832_xxaa/app_error_weak.c.o
 .debug_info    0x0000000000007b42     0x19b2 _build/nrf52832_xxaa/app_timer2.c.o
 .debug_info    0x00000000000094f4      0xa44 _build/nrf52832_xxaa/app_util_platform.c.o
 .debug_info    0x0000000000009f38     0x21a6 _build/nrf52832_xxaa/drv_rtc.c.o
 .debug_info    0x000000000000c0de      0xb5d _build/nrf52832_xxaa/nrf_atfifo.c.o
 .debug_info    0x000000000000cc3b      0x718 _build/nrf52832_xxaa/nrf_atflags.c.o
 .debug_info    0x000000000000d353      0xae3 _build/nrf52832_xxaa/nrf_atomic.c.o
 .debug_info    0x000000000000de36      0x3e8 _build/nrf52832_xxaa/nrf_balloc.c.o
 .debug_info    0x000000000000e21e      0x24b _build/nrf52832_xxaa/nrf_fprintf.c.o
 .debug_info    0x000000000000e469      0xc73 _build/nrf52832_xxaa/nrf_fprintf_format.c.o
 .debug_info    0x000000000000f0dc      0xb78 _build/nrf52832_xxaa/nrf_memobj.c.o
 .debug_info    0x000000000000fc54     0x1284 _build/nrf52832_xxaa/nrf_pwr_mgmt.c.o
 .debug_info    0x0000000000010ed8      0x638 _build/nrf52832_xxaa/nrf_ringbuf.c.o
 .debug_info    0x0000000000011510      0x1aa _build/nrf52832_xxaa/nrf_section_iter.c.o
 .debug_info    0x00000000000116ba      0x3c3 _build/nrf52832_xxaa/nrf_sortlist.c.o
 .debug_info    0x0000000000011a7d      0x280 _build/nrf52832_xxaa/nrf_strerror.c.o
 .debug_info    0x0000000000011cfd     0x1701 _build/nrf52832_xxaa/system_nrf52.c.o
 .debug_info    0x00000000000133fe      0xddc _build/nrf52832_xxaa/boards.c.o
 .debug_info    0x00000000000141da     0x1837 _build/nrf52832_xxaa/nrf_drv_clock.c.o
 .debug_info    0x0000000000015a11     0x11ab _build/nrf52832_xxaa/nrf_drv_uart.c.o
 .debug_info    0x0000000000016bbc     0x160f _build/nrf52832_xxaa/nrfx_clock.c.o
 .debug_info    0x00000000000181cb     0x3a71 _build/nrf52832_xxaa/nrfx_gpiote.c.o
 .debug_info    0x000000000001bc3c      0x806 _build/nrf52832_xxaa/nrfx_prs.c.o
 .debug_info    0x000000000001c442     0x377a _build/nrf52832_xxaa/nrfx_uart.c.o
 .debug_info    0x000000000001fbbc     0x370d _build/nrf52832_xxaa/nrfx_uarte.c.o
 .debug_info    0x00000000000232c9     0x3df5 _build/nrf52832_xxaa/main.c.o
 .debug_info    0x00000000000270be     0x206e _build/nrf52832_xxaa/ble_advdata.c.o
 .debug_info    0x000000000002912c     0x2cb6 _build/nrf52832_xxaa/ble_conn_params.c.o
 .debug_info    0x000000000002bde2     0x3030 _build/nrf52832_xxaa/ble_conn_state.c.o
 .debug_info    0x000000000002ee12      0xdc6 _build/nrf52832_xxaa/ble_srv_common.c.o
 .debug_info    0x000000000002fbd8     0x2a77 _build/nrf52832_xxaa/nrf_ble_gatt.c.o
 .debug_info    0x000000000003264f     0x20a5 _build/nrf52832_xxaa/nrf_ble_qwr.c.o
 .debug_info    0x00000000000346f4     0x22af _build/nrf52832_xxaa/ble_lbs.c.o
 .debug_info    0x00000000000369a3     0x1843 _build/nrf52832_xxaa/nrf_sdh.c.o
 .debug_info    0x00000000000381e6     0x2b91 _build/nrf52832_xxaa/nrf_sdh_ble.c.o
 .debug_info    0x000000000003ad77      0x5dd _build/nrf52832_xxaa/nrf_sdh_soc.c.o

.debug_abbrev   0x0000000000000000     0x89ef
 .debug_abbrev  0x0000000000000000       0x14 _build/nrf52832_xxaa/gcc_startup_nrf52.S.o
 .debug_abbrev  0x0000000000000014      0x202 _build/nrf52832_xxaa/nrf_log_backend_serial.c.o
 .debug_abbrev  0x0000000000000216      0x38d _build/nrf52832_xxaa/nrf_log_backend_uart.c.o
 .debug_abbrev  0x00000000000005a3      0x190 _build/nrf52832_xxaa/nrf_log_default_backends.c.o
 .debug_abbrev  0x0000000000000733      0x5d2 _build/nrf52832_xxaa/nrf_log_frontend.c.o
 .debug_abbrev  0x0000000000000d05      0x21a _build/nrf52832_xxaa/nrf_log_str_formatter.c.o
 .debug_abbrev  0x0000000000000f1f      0x35d _build/nrf52832_xxaa/app_button.c.o
 .debug_abbrev  0x000000000000127c      0x13b _build/nrf52832_xxaa/app_error.c.o
 .debug_abbrev  0x00000000000013b7      0x218 _build/nrf52832_xxaa/app_error_weak.c.o
 .debug_abbrev  0x00000000000015cf      0x504 _build/nrf52832_xxaa/app_timer2.c.o
 .debug_abbrev  0x0000000000001ad3      0x2f8 _build/nrf52832_xxaa/app_util_platform.c.o
 .debug_abbrev  0x0000000000001dcb      0x524 _build/nrf52832_xxaa/drv_rtc.c.o
 .debug_abbrev  0x00000000000022ef      0x287 _build/nrf52832_xxaa/nrf_atfifo.c.o
 .debug_abbrev  0x0000000000002576      0x213 _build/nrf52832_xxaa/nrf_atflags.c.o
 .debug_abbrev  0x0000000000002789      0x205 _build/nrf52832_xxaa/nrf_atomic.c.o
 .debug_abbrev  0x000000000000298e      0x201 _build/nrf52832_xxaa/nrf_balloc.c.o
 .debug_abbrev  0x0000000000002b8f      0x143 _build/nrf52832_xxaa/nrf_fprintf.c.o
 .debug_abbrev  0x0000000000002cd2      0x2d2 _build/nrf52832_xxaa/nrf_fprintf_format.c.o
 .debug_abbrev  0x0000000000002fa4      0x285 _build/nrf52832_xxaa/nrf_memobj.c.o
 .debug_abbrev  0x0000000000003229      0x462 _build/nrf52832_xxaa/nrf_pwr_mgmt.c.o
 .debug_abbrev  0x000000000000368b      0x166 _build/nrf52832_xxaa/nrf_ringbuf.c.o
 .debug_abbrev  0x00000000000037f1       0xba _build/nrf52832_xxaa/nrf_section_iter.c.o
 .debug_abbrev  0x00000000000038ab      0x167 _build/nrf52832_xxaa/nrf_sortlist.c.o
 .debug_abbrev  0x0000000000003a12      0x15b _build/nrf52832_xxaa/nrf_strerror.c.o
 .debug_abbrev  0x0000000000003b6d      0x328 _build/nrf52832_xxaa/system_nrf52.c.o
 .debug_abbrev  0x0000000000003e95      0x2df _build/nrf52832_xxaa/boards.c.o
 .debug_abbrev  0x0000000000004174      0x521 _build/nrf52832_xxaa/nrf_drv_clock.c.o
 .debug_abbrev  0x0000000000004695      0x22a _build/nrf52832_xxaa/nrf_drv_uart.c.o
 .debug_abbrev  0x00000000000048bf      0x495 _build/nrf52832_xxaa/nrfx_clock.c.o
 .debug_abbrev  0x0000000000004d54      0x52c _build/nrf52832_xxaa/nrfx_gpiote.c.o
 .debug_abbrev  0x0000000000005280      0x282 _build/nrf52832_xxaa/nrfx_prs.c.o
 .debug_abbrev  0x0000000000005502      0x4f2 _build/nrf52832_xxaa/nrfx_uart.c.o
 .debug_abbrev  0x00000000000059f4      0x4b5 _build/nrf52832_xxaa/nrfx_uarte.c.o
 .debug_abbrev  0x0000000000005ea9      0x485 _build/nrf52832_xxaa/main.c.o
 .debug_abbrev  0x000000000000632e      0x3cd _build/nrf52832_xxaa/ble_advdata.c.o
 .debug_abbrev  0x00000000000066fb      0x515 _build/nrf52832_xxaa/ble_conn_params.c.o
 .debug_abbrev  0x0000000000006c10      0x51b _build/nrf52832_xxaa/ble_conn_state.c.o
 .debug_abbrev  0x000000000000712b      0x286 _build/nrf52832_xxaa/ble_srv_common.c.o
 .debug_abbrev  0x00000000000073b1      0x486 _build/nrf52832_xxaa/nrf_ble_gatt.c.o
 .debug_abbrev  0x0000000000007837      0x34e _build/nrf52832_xxaa/nrf_ble_qwr.c.o
 .debug_abbrev  0x0000000000007b85      0x33d _build/nrf52832_xxaa/ble_lbs.c.o
 .debug_abbrev  0x0000000000007ec2      0x4d1 _build/nrf52832_xxaa/nrf_sdh.c.o
 .debug_abbrev  0x0000000000008393      0x45c _build/nrf52832_xxaa/nrf_sdh_ble.c.o
 .debug_abbrev  0x00000000000087ef      0x200 _build/nrf52832_xxaa/nrf_sdh_soc.c.o

.debug_aranges  0x0000000000000000      0xf70
 .debug_aranges
                0x0000000000000000       0x20 _build/nrf52832_xxaa/gcc_startup_nrf52.S.o
 .debug_aranges
                0x0000000000000020       0x20 _build/nrf52832_xxaa/nrf_log_backend_serial.c.o
 .debug_aranges
                0x0000000000000040       0x48 _build/nrf52832_xxaa/nrf_log_backend_uart.c.o
 .debug_aranges
                0x0000000000000088       0x20 _build/nrf52832_xxaa/nrf_log_default_backends.c.o
 .debug_aranges
                0x00000000000000a8       0xc0 _build/nrf52832_xxaa/nrf_log_frontend.c.o
 .debug_aranges
                0x0000000000000168       0x38 _build/nrf52832_xxaa/nrf_log_str_formatter.c.o
 .debug_aranges
                0x00000000000001a0       0x50 _build/nrf52832_xxaa/app_button.c.o
 .debug_aranges
                0x00000000000001f0       0x28 _build/nrf52832_xxaa/app_error.c.o
 .debug_aranges
                0x0000000000000218       0x20 _build/nrf52832_xxaa/app_error_weak.c.o
 .debug_aranges
                0x0000000000000238       0x78 _build/nrf52832_xxaa/app_timer2.c.o
 .debug_aranges
                0x00000000000002b0       0x48 _build/nrf52832_xxaa/app_util_platform.c.o
 .debug_aranges
                0x00000000000002f8       0xb0 _build/nrf52832_xxaa/drv_rtc.c.o
 .debug_aranges
                0x00000000000003a8       0x58 _build/nrf52832_xxaa/nrf_atfifo.c.o
 .debug_aranges
                0x0000000000000400       0x58 _build/nrf52832_xxaa/nrf_atflags.c.o
 .debug_aranges
                0x0000000000000458       0xb0 _build/nrf52832_xxaa/nrf_atomic.c.o
 .debug_aranges
                0x0000000000000508       0x30 _build/nrf52832_xxaa/nrf_balloc.c.o
 .debug_aranges
                0x0000000000000538       0x28 _build/nrf52832_xxaa/nrf_fprintf.c.o
 .debug_aranges
                0x0000000000000560       0x28 _build/nrf52832_xxaa/nrf_fprintf_format.c.o
 .debug_aranges
                0x0000000000000588       0x50 _build/nrf52832_xxaa/nrf_memobj.c.o
 .debug_aranges
                0x00000000000005d8       0x48 _build/nrf52832_xxaa/nrf_pwr_mgmt.c.o
 .debug_aranges
                0x0000000000000620       0x50 _build/nrf52832_xxaa/nrf_ringbuf.c.o
 .debug_aranges
                0x0000000000000670       0x28 _build/nrf52832_xxaa/nrf_section_iter.c.o
 .debug_aranges
                0x0000000000000698       0x40 _build/nrf52832_xxaa/nrf_sortlist.c.o
 .debug_aranges
                0x00000000000006d8       0x28 _build/nrf52832_xxaa/nrf_strerror.c.o
 .debug_aranges
                0x0000000000000700       0x38 _build/nrf52832_xxaa/system_nrf52.c.o
 .debug_aranges
                0x0000000000000738       0x78 _build/nrf52832_xxaa/boards.c.o
 .debug_aranges
                0x00000000000007b0       0xa8 _build/nrf52832_xxaa/nrf_drv_clock.c.o
 .debug_aranges
                0x0000000000000858       0x30 _build/nrf52832_xxaa/nrf_drv_uart.c.o
 .debug_aranges
                0x0000000000000888       0x78 _build/nrf52832_xxaa/nrfx_clock.c.o
 .debug_aranges
                0x0000000000000900       0xf8 _build/nrf52832_xxaa/nrfx_gpiote.c.o
 .debug_aranges
                0x00000000000009f8       0x30 _build/nrf52832_xxaa/nrfx_prs.c.o
 .debug_aranges
                0x0000000000000a28       0x78 _build/nrf52832_xxaa/nrfx_uart.c.o
 .debug_aranges
                0x0000000000000aa0       0x68 _build/nrf52832_xxaa/nrfx_uarte.c.o
 .debug_aranges
                0x0000000000000b08       0x90 _build/nrf52832_xxaa/main.c.o
 .debug_aranges
                0x0000000000000b98       0x78 _build/nrf52832_xxaa/ble_advdata.c.o
 .debug_aranges
                0x0000000000000c10       0x60 _build/nrf52832_xxaa/ble_conn_params.c.o
 .debug_aranges
                0x0000000000000c70       0xc8 _build/nrf52832_xxaa/ble_conn_state.c.o
 .debug_aranges
                0x0000000000000d38       0x58 _build/nrf52832_xxaa/ble_srv_common.c.o
 .debug_aranges
                0x0000000000000d90       0x70 _build/nrf52832_xxaa/nrf_ble_gatt.c.o
 .debug_aranges
                0x0000000000000e00       0x40 _build/nrf52832_xxaa/nrf_ble_qwr.c.o
 .debug_aranges
                0x0000000000000e40       0x48 _build/nrf52832_xxaa/ble_lbs.c.o
 .debug_aranges
                0x0000000000000e88       0x70 _build/nrf52832_xxaa/nrf_sdh.c.o
 .debug_aranges
                0x0000000000000ef8       0x50 _build/nrf52832_xxaa/nrf_sdh_ble.c.o
 .debug_aranges
                0x0000000000000f48       0x28 _build/nrf52832_xxaa/nrf_sdh_soc.c.o

.debug_str      0x0000000000000000    0x9fdad
 .debug_str     0x0000000000000000       0x99 _build/nrf52832_xxaa/gcc_startup_nrf52.S.o
 .debug_str     0x0000000000000099    0x75564 _build/nrf52832_xxaa/nrf_log_backend_serial.c.o
                                      0x7764f (size before relaxing)
 .debug_str     0x00000000000755fd     0x8619 _build/nrf52832_xxaa/nrf_log_backend_uart.c.o
                                      0x7f696 (size before relaxing)
 .debug_str     0x000000000007dc16      0x126 _build/nrf52832_xxaa/nrf_log_default_backends.c.o